Archive member included to satisfy reference by file (symbol)

/usr/lib/gcc/arm-none-eabi/15/../../../../arm-none-eabi/lib/thumb/v7-m/nofp/libc_nano.a(libc_a-atexit.o)
                              /usr/lib/gcc/arm-none-eabi/15/../../../../arm-none-eabi/lib/thumb/v7-m/nofp/crt0.o (atexit)
/usr/lib/gcc/arm-none-eabi/15/../../../../arm-none-eabi/lib/thumb/v7-m/nofp/libc_nano.a(libc_a-exit.o)
                              /usr/lib/gcc/arm-none-eabi/15/../../../../arm-none-eabi/lib/thumb/v7-m/nofp/crt0.o (exit)
/usr/lib/gcc/arm-none-eabi/15/../../../../arm-none-eabi/lib/thumb/v7-m/nofp/libc_nano.a(libc_a-findfp.o)
                              /usr/lib/gcc/arm-none-eabi/15/../../../../arm-none-eabi/lib/thumb/v7-m/nofp/libc_nano.a(libc_a-exit.o) (__stdio_exit_handler)
/usr/lib/gcc/arm-none-eabi/15/../../../../arm-none-eabi/lib/thumb/v7-m/nofp/libc_nano.a(libc_a-fwalk.o)
                              /usr/lib/gcc/arm-none-eabi/15/../../../../arm-none-eabi/lib/thumb/v7-m/nofp/libc_nano.a(libc_a-findfp.o) (_fwalk_sglue)
/usr/lib/gcc/arm-none-eabi/15/../../../../arm-none-eabi/lib/thumb/v7-m/nofp/libc_nano.a(libc_a-stdio.o)
                              /usr/lib/gcc/arm-none-eabi/15/../../../../arm-none-eabi/lib/thumb/v7-m/nofp/libc_nano.a(libc_a-findfp.o) (__sread)
/usr/lib/gcc/arm-none-eabi/15/../../../../arm-none-eabi/lib/thumb/v7-m/nofp/libc_nano.a(libc_a-memset.o)
                              /usr/lib/gcc/arm-none-eabi/15/../../../../arm-none-eabi/lib/thumb/v7-m/nofp/crt0.o (memset)
/usr/lib/gcc/arm-none-eabi/15/../../../../arm-none-eabi/lib/thumb/v7-m/nofp/libc_nano.a(libc_a-closer.o)
                              /usr/lib/gcc/arm-none-eabi/15/../../../../arm-none-eabi/lib/thumb/v7-m/nofp/libc_nano.a(libc_a-stdio.o) (_close_r)
/usr/lib/gcc/arm-none-eabi/15/../../../../arm-none-eabi/lib/thumb/v7-m/nofp/libc_nano.a(libc_a-reent.o)
                              /usr/lib/gcc/arm-none-eabi/15/../../../../arm-none-eabi/lib/thumb/v7-m/nofp/libc_nano.a(libc_a-closer.o) (errno)
/usr/lib/gcc/arm-none-eabi/15/../../../../arm-none-eabi/lib/thumb/v7-m/nofp/libc_nano.a(libc_a-impure.o)
                              /usr/lib/gcc/arm-none-eabi/15/../../../../arm-none-eabi/lib/thumb/v7-m/nofp/libc_nano.a(libc_a-reent.o) (_impure_ptr)
/usr/lib/gcc/arm-none-eabi/15/../../../../arm-none-eabi/lib/thumb/v7-m/nofp/libc_nano.a(libc_a-lseekr.o)
                              /usr/lib/gcc/arm-none-eabi/15/../../../../arm-none-eabi/lib/thumb/v7-m/nofp/libc_nano.a(libc_a-stdio.o) (_lseek_r)
/usr/lib/gcc/arm-none-eabi/15/../../../../arm-none-eabi/lib/thumb/v7-m/nofp/libc_nano.a(libc_a-readr.o)
                              /usr/lib/gcc/arm-none-eabi/15/../../../../arm-none-eabi/lib/thumb/v7-m/nofp/libc_nano.a(libc_a-stdio.o) (_read_r)
/usr/lib/gcc/arm-none-eabi/15/../../../../arm-none-eabi/lib/thumb/v7-m/nofp/libc_nano.a(libc_a-writer.o)
                              /usr/lib/gcc/arm-none-eabi/15/../../../../arm-none-eabi/lib/thumb/v7-m/nofp/libc_nano.a(libc_a-stdio.o) (_write_r)
/usr/lib/gcc/arm-none-eabi/15/../../../../arm-none-eabi/lib/thumb/v7-m/nofp/libc_nano.a(libc_a-init.o)
                              /usr/lib/gcc/arm-none-eabi/15/../../../../arm-none-eabi/lib/thumb/v7-m/nofp/crt0.o (__libc_init_array)
/usr/lib/gcc/arm-none-eabi/15/../../../../arm-none-eabi/lib/thumb/v7-m/nofp/libc_nano.a(libc_a-fini.o)
                              /usr/lib/gcc/arm-none-eabi/15/../../../../arm-none-eabi/lib/thumb/v7-m/nofp/crt0.o (__libc_fini_array)
/usr/lib/gcc/arm-none-eabi/15/../../../../arm-none-eabi/lib/thumb/v7-m/nofp/libc_nano.a(libc_a-__atexit.o)
                              /usr/lib/gcc/arm-none-eabi/15/../../../../arm-none-eabi/lib/thumb/v7-m/nofp/libc_nano.a(libc_a-atexit.o) (__register_exitproc)
/usr/lib/gcc/arm-none-eabi/15/../../../../arm-none-eabi/lib/thumb/v7-m/nofp/libc_nano.a(libc_a-__call_atexit.o)
                              /usr/lib/gcc/arm-none-eabi/15/../../../../arm-none-eabi/lib/thumb/v7-m/nofp/libc_nano.a(libc_a-__atexit.o) (__call_exitprocs)
/usr/lib/gcc/arm-none-eabi/15/../../../../arm-none-eabi/lib/thumb/v7-m/nofp/libc_nano.a(libc_a-freer.o)
                              /usr/lib/gcc/arm-none-eabi/15/../../../../arm-none-eabi/lib/thumb/v7-m/nofp/libc_nano.a(libc_a-reent.o) (_free_r)
/usr/lib/gcc/arm-none-eabi/15/../../../../arm-none-eabi/lib/thumb/v7-m/nofp/libc_nano.a(libc_a-mallocr.o)
                              /usr/lib/gcc/arm-none-eabi/15/../../../../arm-none-eabi/lib/thumb/v7-m/nofp/libc_nano.a(libc_a-findfp.o) (_malloc_r)
/usr/lib/gcc/arm-none-eabi/15/../../../../arm-none-eabi/lib/thumb/v7-m/nofp/libc_nano.a(libc_a-mlock.o)
                              /usr/lib/gcc/arm-none-eabi/15/../../../../arm-none-eabi/lib/thumb/v7-m/nofp/libc_nano.a(libc_a-freer.o) (__malloc_lock)
/usr/lib/gcc/arm-none-eabi/15/../../../../arm-none-eabi/lib/thumb/v7-m/nofp/libc_nano.a(libc_a-fflush.o)
[...]
Memory Configuration

Name             Origin             Length             Attributes
RAM              0x20000000         0x00002800         xrw
FLASH            0x08000000         0x00008000         xr
*default*        0x00000000         0xffffffff

Linker script and memory map

LOAD /usr/lib/gcc/arm-none-eabi/15/thumb/v7-m/nofp/crti.o
LOAD /usr/lib/gcc/arm-none-eabi/15/thumb/v7-m/nofp/crtbegin.o
LOAD /usr/lib/gcc/arm-none-eabi/15/../../../../arm-none-eabi/lib/thumb/v7-m/nofp/crt0.o
START GROUP
LOAD /usr/lib/gcc/arm-none-eabi/15/../../../../arm-none-eabi/lib/thumb/v7-m/nofp/libc_nano.a
LOAD /usr/lib/gcc/arm-none-eabi/15/../../../../arm-none-eabi/lib/thumb/v7-m/nofp/libm.a
END GROUP
LOAD cmake/stm32cubemx/CMakeFiles/STM32_Drivers.dir/__/__/Core/Src/system_stm32f1xx.c.obj
LOAD cmake/stm32cubemx/CMakeFiles/STM32_Drivers.dir/__/__/Drivers/STM32F1xx_HAL_Driver/Src/stm32f1xx_hal_gpio_ex.c.obj
LOAD cmake/stm32cubemx/CMakeFiles/STM32_Drivers.dir/__/__/Drivers/STM32F1xx_HAL_Driver/Src/stm32f1xx_hal_rtc.c.obj
LOAD cmake/stm32cubemx/CMakeFiles/STM32_Drivers.dir/__/__/Drivers/STM32F1xx_HAL_Driver/Src/stm32f1xx_hal_rtc_ex.c.obj
LOAD cmake/stm32cubemx/CMakeFiles/STM32_Drivers.dir/__/__/Drivers/STM32F1xx_HAL_Driver/Src/stm32f1xx_hal.c.obj
LOAD cmake/stm32cubemx/CMakeFiles/STM32_Drivers.dir/__/__/Drivers/STM32F1xx_HAL_Driver/Src/stm32f1xx_hal_rcc.c.obj
LOAD cmake/stm32cubemx/CMakeFiles/STM32_Drivers.dir/__/__/Drivers/STM32F1xx_HAL_Driver/Src/stm32f1xx_hal_rcc_ex.c.obj
LOAD cmake/stm32cubemx/CMakeFiles/STM32_Drivers.dir/__/__/Drivers/STM32F1xx_HAL_Driver/Src/stm32f1xx_hal_gpio.c.obj
LOAD cmake/stm32cubemx/CMakeFiles/STM32_Drivers.dir/__/__/Drivers/STM32F1xx_HAL_Driver/Src/stm32f1xx_hal_dma.c.obj
LOAD cmake/stm32cubemx/CMakeFiles/STM32_Drivers.dir/__/__/Drivers/STM32F1xx_HAL_Driver/Src/stm32f1xx_hal_cortex.c.obj
LOAD cmake/stm32cubemx/CMakeFiles/STM32_Drivers.dir/__/__/Drivers/STM32F1xx_HAL_Driver/Src/stm32f1xx_hal_pwr.c.obj
LOAD cmake/stm32cubemx/CMakeFiles/STM32_Drivers.dir/__/__/Drivers/STM32F1xx_HAL_Driver/Src/stm32f1xx_hal_flash.c.obj
LOAD cmake/stm32cubemx/CMakeFiles/STM32_Drivers.dir/__/__/Drivers/STM32F1xx_HAL_Driver/Src/stm32f1xx_hal_flash_ex.c.obj
LOAD cmake/stm32cubemx/CMakeFiles/STM32_Drivers.dir/__/__/Drivers/STM32F1xx_HAL_Driver/Src/stm32f1xx_hal_exti.c.obj
LOAD cmake/stm32cubemx/CMakeFiles/STM32_Drivers.dir/__/__/Drivers/STM32F1xx_HAL_Driver/Src/stm32f1xx_hal_uart.c.obj
LOAD CMakeFiles/proj005cmakeC6T6.dir/Core/Src/main.c.obj
LOAD CMakeFiles/proj005cmakeC6T6.dir/Core/Src/stm32f1xx_it.c.obj
LOAD CMakeFiles/proj005cmakeC6T6.dir/Core/Src/stm32f1xx_hal_msp.c.obj
LOAD CMakeFiles/proj005cmakeC6T6.dir/Core/Src/sysmem.c.obj
LOAD CMakeFiles/proj005cmakeC6T6.dir/Core/Src/syscalls.c.obj
LOAD CMakeFiles/proj005cmakeC6T6.dir/startup_stm32f103x6.s.obj
START GROUP
LOAD /usr/lib/gcc/arm-none-eabi/15/thumb/v7-m/nofp/libgcc.a
LOAD /usr/lib/gcc/arm-none-eabi/15/../../../../arm-none-eabi/lib/thumb/v7-m/nofp/libg_nano.a
LOAD /usr/lib/gcc/arm-none-eabi/15/../../../../arm-none-eabi/lib/thumb/v7-m/nofp/libc_nano.a
END GROUP
START GROUP
LOAD /usr/lib/gcc/arm-none-eabi/15/thumb/v7-m/nofp/libgcc.a
LOAD /usr/lib/gcc/arm-none-eabi/15/../../../../arm-none-eabi/lib/thumb/v7-m/nofp/libc_nano.a
END GROUP
LOAD /usr/lib/gcc/arm-none-eabi/15/thumb/v7-m/nofp/crtend.o
LOAD /usr/lib/gcc/arm-none-eabi/15/thumb/v7-m/nofp/crtn.o
                0x20002800                        _estack = (ORIGIN (RAM) + LENGTH (RAM))
                0x00000200                        _Min_Heap_Size = 0x200
                0x00000400                        _Min_Stack_Size = 0x400

.isr_vector     0x08000000      0x10c
                0x08000000                        . = ALIGN (0x4)
 *(.isr_vector)
 .isr_vector    0x08000000      0x10c CMakeFiles/proj005cmakeC6T6.dir/startup_stm32f103x6.s.obj
                0x08000000                g_pfnVectors
                0x0800010c                        . = ALIGN (0x4)

.text           0x0800010c     0x1114
                0x0800010c                        . = ALIGN (0x4)
 *(.text)
 .text          0x0800010c       0x88 /usr/lib/gcc/arm-none-eabi/15/thumb/v7-m/nofp/crtbegin.o
 *(.text*)
 .text.memset   0x08000194       0x10 /usr/lib/gcc/arm-none-eabi/15/../../../../arm-none-eabi/lib/thumb/v7-m/nofp/libc_nano.a(libc_a-memset.o)
                0x08000194                memset
 .text.__libc_init_array
                0x080001a4       0x48 /usr/lib/gcc/arm-none-eabi/15/../../../../arm-none-eabi/lib/thumb/v7-m/nofp/libc_nano.a(libc_a-init.o)
                0x080001a4                __libc_init_array
 .text.SystemInit
                0x080001ec        0x2 cmake/stm32cubemx/CMakeFiles/STM32_Drivers.dir/__/__/Core/Src/system_stm32f1xx.c.obj
                0x080001ec                SystemInit
 *fill*         0x080001ee        0x2 
 .text.HAL_InitTick
                0x080001f0       0x48 cmake/stm32cubemx/CMakeFiles/STM32_Drivers.dir/__/__/Drivers/STM32F1xx_HAL_Driver/Src/stm32f1xx_hal.c.obj
                0x080001f0                HAL_InitTick
 .text.HAL_Init
                0x08000238       0x24 cmake/stm32cubemx/CMakeFiles/STM32_Drivers.dir/__/__/Drivers/STM32F1xx_HAL_Driver/Src/stm32f1xx_hal.c.obj
                0x08000238                HAL_Init
 .text.HAL_IncTick
                0x0800025c       0x18 cmake/stm32cubemx/CMakeFiles/STM32_Drivers.dir/__/__/Drivers/STM32F1xx_HAL_Driver/Src/stm32f1xx_hal.c.obj
                0x0800025c                HAL_IncTick
 .text.HAL_GetTick
                0x08000274        0xc cmake/stm32cubemx/CMakeFiles/STM32_Drivers.dir/__/__/Drivers/STM32F1xx_HAL_Driver/Src/stm32f1xx_hal.c.obj
                0x08000274                HAL_GetTick
 .text.HAL_RCC_OscConfig
                0x08000280      0x33c cmake/stm32cubemx/CMakeFiles/STM32_Drivers.dir/__/__/Drivers/STM32F1xx_HAL_Driver/Src/stm32f1xx_hal_rcc.c.obj
                0x08000280                HAL_RCC_OscConfig
 .text.HAL_RCC_GetSysClockFreq
                0x080005bc       0x4c cmake/stm32cubemx/CMakeFiles/STM32_Drivers.dir/__/__/Drivers/STM32F1xx_HAL_Driver/Src/stm32f1xx_hal_rcc.c.obj
                0x080005bc                HAL_RCC_GetSysClockFreq
 .text.HAL_RCC_ClockConfig
                0x08000608      0x138 cmake/stm32cubemx/CMakeFiles/STM32_Drivers.dir/__/__/Drivers/STM32F1xx_HAL_Driver/Src/stm32f1xx_hal_rcc.c.obj
                0x08000608                HAL_RCC_ClockConfig
 .text.HAL_RCCEx_PeriphCLKConfig
                0x08000740       0xf4 cmake/stm32cubemx/CMakeFiles/STM32_Drivers.dir/__/__/Drivers/STM32F1xx_HAL_Driver/Src/stm32f1xx_hal_rcc_ex.c.obj
                0x08000740                HAL_RCCEx_PeriphCLKConfig
 .text.HAL_GPIO_Init
                0x08000834      0x1a0 cmake/stm32cubemx/CMakeFiles/STM32_Drivers.dir/__/__/Drivers/STM32F1xx_HAL_Driver/Src/stm32f1xx_hal_gpio.c.obj
                0x08000834                HAL_GPIO_Init
 .text.HAL_GPIO_WritePin
                0x080009d4        0xa cmake/stm32cubemx/CMakeFiles/STM32_Drivers.dir/__/__/Drivers/STM32F1xx_HAL_Driver/Src/stm32f1xx_hal_gpio.c.obj
                0x080009d4                HAL_GPIO_WritePin
 .text.HAL_GPIO_TogglePin
                0x080009de       0x12 cmake/stm32cubemx/CMakeFiles/STM32_Drivers.dir/__/__/Drivers/STM32F1xx_HAL_Driver/Src/stm32f1xx_hal_gpio.c.obj
                0x080009de                HAL_GPIO_TogglePin
 .text.HAL_DMA_Abort
                0x080009f0       0x3e cmake/stm32cubemx/CMakeFiles/STM32_Drivers.dir/__/__/Drivers/STM32F1xx_HAL_Driver/Src/stm32f1xx_hal_dma.c.obj
                0x080009f0                HAL_DMA_Abort
 *fill*         0x08000a2e        0x2 
 .text.HAL_DMA_Abort_IT
                0x08000a30       0x8c cmake/stm32cubemx/CMakeFiles/STM32_Drivers.dir/__/__/Drivers/STM32F1xx_HAL_Driver/Src/stm32f1xx_hal_dma.c.obj
                0x08000a30                HAL_DMA_Abort_IT
 .text.HAL_NVIC_SetPriorityGrouping
                0x08000abc       0x24 cmake/stm32cubemx/CMakeFiles/STM32_Drivers.dir/__/__/Drivers/STM32F1xx_HAL_Driver/Src/stm32f1xx_hal_cortex.c.obj
                0x08000abc                HAL_NVIC_SetPriorityGrouping
 .text.HAL_NVIC_SetPriority
                0x08000ae0       0x5c cmake/stm32cubemx/CMakeFiles/STM32_Drivers.dir/__/__/Drivers/STM32F1xx_HAL_Driver/Src/stm32f1xx_hal_cortex.c.obj
                0x08000ae0                HAL_NVIC_SetPriority
 .text.HAL_SYSTICK_Config
                0x08000b3c       0x28 cmake/stm32cubemx/CMakeFiles/STM32_Drivers.dir/__/__/Drivers/STM32F1xx_HAL_Driver/Src/stm32f1xx_hal_cortex.c.obj
                0x08000b3c                HAL_SYSTICK_Config
 .text.UART_EndRxTransfer
                0x08000b64       0x5c cmake/stm32cubemx/CMakeFiles/STM32_Drivers.dir/__/__/Drivers/STM32F1xx_HAL_Driver/Src/stm32f1xx_hal_uart.c.obj
 .text.HAL_UART_TxCpltCallback
                0x08000bc0        0x2 cmake/stm32cubemx/CMakeFiles/STM32_Drivers.dir/__/__/Drivers/STM32F1xx_HAL_Driver/Src/stm32f1xx_hal_uart.c.obj
                0x08000bc0                HAL_UART_TxCpltCallback
 .text.HAL_UART_RxCpltCallback
                0x08000bc2        0x2 cmake/stm32cubemx/CMakeFiles/STM32_Drivers.dir/__/__/Drivers/STM32F1xx_HAL_Driver/Src/stm32f1xx_hal_uart.c.obj
                0x08000bc2                HAL_UART_RxCpltCallback
 .text.HAL_UART_ErrorCallback
                0x08000bc4        0x2 cmake/stm32cubemx/CMakeFiles/STM32_Drivers.dir/__/__/Drivers/STM32F1xx_HAL_Driver/Src/stm32f1xx_hal_uart.c.obj
                0x08000bc4                HAL_UART_ErrorCallback
 .text.UART_DMAAbortOnError
                0x08000bc6       0x10 cmake/stm32cubemx/CMakeFiles/STM32_Drivers.dir/__/__/Drivers/STM32F1xx_HAL_Driver/Src/stm32f1xx_hal_uart.c.obj
 .text.HAL_UARTEx_RxEventCallback
                0x08000bd6        0x2 cmake/stm32cubemx/CMakeFiles/STM32_Drivers.dir/__/__/Drivers/STM32F1xx_HAL_Driver/Src/stm32f1xx_hal_uart.c.obj
                0x08000bd6                HAL_UARTEx_RxEventCallback
 .text.UART_Receive_IT.isra.0
                0x08000bd8       0xb2 cmake/stm32cubemx/CMakeFiles/STM32_Drivers.dir/__/__/Drivers/STM32F1xx_HAL_Driver/Src/stm32f1xx_hal_uart.c.obj
 *fill*         0x08000c8a        0x2 
 .text.HAL_UART_IRQHandler
                0x08000c8c      0x290 cmake/stm32cubemx/CMakeFiles/STM32_Drivers.dir/__/__/Drivers/STM32F1xx_HAL_Driver/Src/stm32f1xx_hal_uart.c.obj
                0x08000c8c                HAL_UART_IRQHandler
 .text.SystemClock_Config
                0x08000f1c       0x82 CMakeFiles/proj005cmakeC6T6.dir/Core/Src/main.c.obj
                0x08000f1c                SystemClock_Config
 *fill*         0x08000f9e        0x2 
 .text.startup.main
                0x08000fa0      0x1cc CMakeFiles/proj005cmakeC6T6.dir/Core/Src/main.c.obj
                0x08000fa0                main
 .text.NMI_Handler
                0x0800116c        0x2 CMakeFiles/proj005cmakeC6T6.dir/Core/Src/stm32f1xx_it.c.obj
                0x0800116c                NMI_Handler
 .text.HardFault_Handler
                0x0800116e        0x2 CMakeFiles/proj005cmakeC6T6.dir/Core/Src/stm32f1xx_it.c.obj
                0x0800116e                HardFault_Handler
 .text.MemManage_Handler
                0x08001170        0x2 CMakeFiles/proj005cmakeC6T6.dir/Core/Src/stm32f1xx_it.c.obj
                0x08001170                MemManage_Handler
 .text.BusFault_Handler
                0x08001172        0x2 CMakeFiles/proj005cmakeC6T6.dir/Core/Src/stm32f1xx_it.c.obj
                0x08001172                BusFault_Handler
 .text.UsageFault_Handler
                0x08001174        0x2 CMakeFiles/proj005cmakeC6T6.dir/Core/Src/stm32f1xx_it.c.obj
                0x08001174                UsageFault_Handler
 .text.SVC_Handler
                0x08001176        0x2 CMakeFiles/proj005cmakeC6T6.dir/Core/Src/stm32f1xx_it.c.obj
                0x08001176                SVC_Handler
 .text.DebugMon_Handler
                0x08001178        0x2 CMakeFiles/proj005cmakeC6T6.dir/Core/Src/stm32f1xx_it.c.obj
                0x08001178                DebugMon_Handler
 .text.PendSV_Handler
                0x0800117a        0x2 CMakeFiles/proj005cmakeC6T6.dir/Core/Src/stm32f1xx_it.c.obj
                0x0800117a                PendSV_Handler
 .text.SysTick_Handler
                0x0800117c        0x4 CMakeFiles/proj005cmakeC6T6.dir/Core/Src/stm32f1xx_it.c.obj
                0x0800117c                SysTick_Handler
 .text.USART1_IRQHandler
                0x08001180        0xc CMakeFiles/proj005cmakeC6T6.dir/Core/Src/stm32f1xx_it.c.obj
                0x08001180                USART1_IRQHandler
 .text.HAL_MspInit
                0x0800118c       0x30 CMakeFiles/proj005cmakeC6T6.dir/Core/Src/stm32f1xx_hal_msp.c.obj
                0x0800118c                HAL_MspInit
 .text.Reset_Handler
                0x080011bc       0x48 CMakeFiles/proj005cmakeC6T6.dir/startup_stm32f103x6.s.obj
                0x080011bc                Reset_Handler
 .text.Default_Handler
                0x08001204        0x2 CMakeFiles/proj005cmakeC6T6.dir/startup_stm32f103x6.s.obj
                0x08001204                RTC_Alarm_IRQHandler
                0x08001204                EXTI2_IRQHandler
                0x08001204                TIM1_CC_IRQHandler
                0x08001204                PVD_IRQHandler
                0x08001204                EXTI3_IRQHandler
                0x08001204                EXTI0_IRQHandler
                0x08001204                ADC1_2_IRQHandler
                0x08001204                SPI1_IRQHandler
                0x08001204                TAMPER_IRQHandler
                0x08001204                DMA1_Channel4_IRQHandler
                0x08001204                RTC_IRQHandler
                0x08001204                DMA1_Channel7_IRQHandler
                0x08001204                CAN1_RX1_IRQHandler
                0x08001204                I2C1_EV_IRQHandler
                0x08001204                DMA1_Channel6_IRQHandler
                0x08001204                TIM3_IRQHandler
                0x08001204                RCC_IRQHandler
                0x08001204                TIM1_TRG_COM_IRQHandler
                0x08001204                DMA1_Channel1_IRQHandler
                0x08001204                Default_Handler
                0x08001204                EXTI15_10_IRQHandler
                0x08001204                EXTI9_5_IRQHandler
                0x08001204                DMA1_Channel5_IRQHandler
                0x08001204                EXTI4_IRQHandler
                0x08001204                USB_LP_CAN1_RX0_IRQHandler
                0x08001204                USB_HP_CAN1_TX_IRQHandler
                0x08001204                DMA1_Channel3_IRQHandler
                0x08001204                TIM1_UP_IRQHandler
                0x08001204                WWDG_IRQHandler
                0x08001204                TIM2_IRQHandler
                0x08001204                TIM1_BRK_IRQHandler
                0x08001204                EXTI1_IRQHandler
                0x08001204                USART2_IRQHandler
                0x08001204                DMA1_Channel2_IRQHandler
                0x08001204                CAN1_SCE_IRQHandler
                0x08001204                FLASH_IRQHandler
                0x08001204                I2C1_ER_IRQHandler
                0x08001204                USBWakeUp_IRQHandler
 *(.glue_7)
 .glue_7        0x08001206        0x0 linker stubs
 *(.glue_7t)
 .glue_7t       0x08001206        0x0 linker stubs
 *(.eh_frame)
 *fill*         0x08001206        0x2 
 .eh_frame      0x08001208        0x0 /usr/lib/gcc/arm-none-eabi/15/thumb/v7-m/nofp/crtbegin.o
 *(.init)
 .init          0x08001208        0x4 /usr/lib/gcc/arm-none-eabi/15/thumb/v7-m/nofp/crti.o
                0x08001208                _init
 .init          0x0800120c        0x8 /usr/lib/gcc/arm-none-eabi/15/thumb/v7-m/nofp/crtn.o
 *(.fini)
 .fini          0x08001214        0x4 /usr/lib/gcc/arm-none-eabi/15/thumb/v7-m/nofp/crti.o
                0x08001214                _fini
 .fini          0x08001218        0x8 /usr/lib/gcc/arm-none-eabi/15/thumb/v7-m/nofp/crtn.o
                0x08001220                        . = ALIGN (0x4)
                0x08001220                        _etext = .

.vfp11_veneer   0x08001220        0x0
 .vfp11_veneer  0x08001220        0x0 linker stubs

.v4_bx          0x08001220        0x0
 .v4_bx         0x08001220        0x0 linker stubs

.iplt           0x08001220        0x0
 .iplt          0x08001220        0x0 /usr/lib/gcc/arm-none-eabi/15/thumb/v7-m/nofp/crtbegin.o

.rodata         0x08001220       0x24
                0x08001220                        . = ALIGN (0x4)
 *(.rodata)
 *(.rodata*)
 .rodata.AHBPrescTable
                0x08001220       0x10 cmake/stm32cubemx/CMakeFiles/STM32_Drivers.dir/__/__/Core/Src/system_stm32f1xx.c.obj
                0x08001220                AHBPrescTable
 .rodata.aPredivFactorTable.0
                0x08001230        0x2 cmake/stm32cubemx/CMakeFiles/STM32_Drivers.dir/__/__/Drivers/STM32F1xx_HAL_Driver/Src/stm32f1xx_hal_rcc.c.obj
 .rodata.aPLLMULFactorTable.1
                0x08001232       0x10 cmake/stm32cubemx/CMakeFiles/STM32_Drivers.dir/__/__/Drivers/STM32F1xx_HAL_Driver/Src/stm32f1xx_hal_rcc.c.obj
                0x08001244                        . = ALIGN (0x4)
 *fill*         0x08001242        0x2 

.ARM.extab      0x08001244        0x0
                0x08001244                        . = ALIGN (0x4)
 *(.ARM.extab* .gnu.linkonce.armextab.*)
                0x08001244                        . = ALIGN (0x4)

.ARM            0x08001244        0x0
                0x08001244                        . = ALIGN (0x4)
                0x08001244                        __exidx_start = .
 *(.ARM.exidx*)
                0x08001244                        __exidx_end = .
                0x08001244                        . = ALIGN (0x4)

.preinit_array  0x08001244        0x0
                0x08001244                        . = ALIGN (0x4)
                0x08001244                        PROVIDE (__preinit_array_start = .)
 *(.preinit_array*)
                0x08001244                        PROVIDE (__preinit_array_end = .)
                0x08001244                        . = ALIGN (0x4)

.init_array     0x08001244        0x4
                0x08001244                        . = ALIGN (0x4)
                0x08001244                        PROVIDE (__init_array_start = .)
 *(SORT_BY_NAME(.init_array.*))
 *(.init_array*)
 .init_array    0x08001244        0x4 /usr/lib/gcc/arm-none-eabi/15/thumb/v7-m/nofp/crtbegin.o
                0x08001248                        PROVIDE (__init_array_end = .)
                0x08001248                        . = ALIGN (0x4)

.fini_array     0x08001248        0x4
                0x08001248                        . = ALIGN (0x4)
                0x08001248                        PROVIDE (__fini_array_start = .)
 *(SORT_BY_NAME(.fini_array.*))
 *(.fini_array*)
 .fini_array    0x08001248        0x4 /usr/lib/gcc/arm-none-eabi/15/thumb/v7-m/nofp/crtbegin.o
                0x0800124c                        PROVIDE (__fini_array_end = .)
                0x0800124c                        . = ALIGN (0x4)
                0x0800124c                        _sidata = LOADADDR (.data)

.rel.dyn        0x0800124c        0x0
 .rel.iplt      0x0800124c        0x0 /usr/lib/gcc/arm-none-eabi/15/thumb/v7-m/nofp/crtbegin.o

.data           0x20000000        0xc load address 0x0800124c
                0x20000000                        . = ALIGN (0x4)
                0x20000000                        _sdata = .
 *(.data)
 *(.data*)
 .data.SystemCoreClock
                0x20000000        0x4 cmake/stm32cubemx/CMakeFiles/STM32_Drivers.dir/__/__/Core/Src/system_stm32f1xx.c.obj
                0x20000000                SystemCoreClock
 .data.uwTickFreq
                0x20000004        0x1 cmake/stm32cubemx/CMakeFiles/STM32_Drivers.dir/__/__/Drivers/STM32F1xx_HAL_Driver/Src/stm32f1xx_hal.c.obj
                0x20000004                uwTickFreq
 *fill*         0x20000005        0x3 
 .data.uwTickPrio
                0x20000008        0x4 cmake/stm32cubemx/CMakeFiles/STM32_Drivers.dir/__/__/Drivers/STM32F1xx_HAL_Driver/Src/stm32f1xx_hal.c.obj
                0x20000008                uwTickPrio
 *(.RamFunc)
 *(.RamFunc*)
                0x2000000c                        . = ALIGN (0x4)
                0x2000000c                        _edata = .

.tm_clone_table
                0x2000000c        0x0 load address 0x08001258
 .tm_clone_table
                0x2000000c        0x0 /usr/lib/gcc/arm-none-eabi/15/thumb/v7-m/nofp/crtbegin.o
 .tm_clone_table
                0x2000000c        0x0 /usr/lib/gcc/arm-none-eabi/15/thumb/v7-m/nofp/crtend.o

.igot.plt       0x2000000c        0x0 load address 0x08001258
 .igot.plt      0x2000000c        0x0 /usr/lib/gcc/arm-none-eabi/15/thumb/v7-m/nofp/crtbegin.o
                0x2000000c                        . = ALIGN (0x4)

.bss            0x20000010       0x80 load address 0x08001258
                0x20000010                        _sbss = .
                0x20000010                        __bss_start__ = _sbss
 *(.bss)
 .bss           0x20000010       0x1c /usr/lib/gcc/arm-none-eabi/15/thumb/v7-m/nofp/crtbegin.o
 *(.bss*)
 .bss.uwTick    0x2000002c        0x4 cmake/stm32cubemx/CMakeFiles/STM32_Drivers.dir/__/__/Drivers/STM32F1xx_HAL_Driver/Src/stm32f1xx_hal.c.obj
                0x2000002c                uwTick
 .bss.i003      0x20000030        0x8 CMakeFiles/proj005cmakeC6T6.dir/Core/Src/main.c.obj
                0x20000030                i003
 .bss.i002      0x20000038        0x8 CMakeFiles/proj005cmakeC6T6.dir/Core/Src/main.c.obj
                0x20000038                i002
 .bss.i001      0x20000040        0x8 CMakeFiles/proj005cmakeC6T6.dir/Core/Src/main.c.obj
                0x20000040                i001
 .bss.huart1    0x20000048       0x48 CMakeFiles/proj005cmakeC6T6.dir/Core/Src/main.c.obj
                0x20000048                huart1
 *(COMMON)
                0x20000090                        . = ALIGN (0x4)
                0x20000090                        _ebss = .
                0x20000090                        __bss_end__ = _ebss

._user_heap_stack
                0x20000090      0x600 load address 0x08001258
                0x20000090                        . = ALIGN (0x8)
                [!provide]                        PROVIDE (end = .)
                0x20000090                        PROVIDE (_end = .)
                0x20000290                        . = (. + _Min_Heap_Size)
 *fill*         0x20000090      0x200 
                0x20000690                        . = (. + _Min_Stack_Size)
 *fill*         0x20000290      0x400 
                0x20000690                        . = ALIGN (0x8)

/DISCARD/
 libc.a(*)
 libm.a(*)
 libgcc.a(*)
OUTPUT(proj005cmakeC6T6.elf elf32-littlearm)
LOAD linker stubs
LOAD /usr/lib/gcc/arm-none-eabi/15/../../../../arm-none-eabi/lib/thumb/v7-m/nofp/libc.a
LOAD /usr/lib/gcc/arm-none-eabi/15/../../../../arm-none-eabi/lib/thumb/v7-m/nofp/libm.a
LOAD /usr/lib/gcc/arm-none-eabi/15/thumb/v7-m/nofp/libgcc.a

.ARM.attributes
                0x00000000       0x29
 .ARM.attributes
                0x00000000       0x1d /usr/lib/gcc/arm-none-eabi/15/thumb/v7-m/nofp/crti.o
 .ARM.attributes
                0x0000001d       0x2d /usr/lib/gcc/arm-none-eabi/15/thumb/v7-m/nofp/crtbegin.o
 .ARM.attributes
                0x0000004a       0x2d /usr/lib/gcc/arm-none-eabi/15/../../../../arm-none-eabi/lib/thumb/v7-m/nofp/libc_nano.a(libc_a-memset.o)
 .ARM.attributes
                0x00000077       0x2d /usr/lib/gcc/arm-none-eabi/15/../../../../arm-none-eabi/lib/thumb/v7-m/nofp/libc_nano.a(libc_a-init.o)
 .ARM.attributes
                0x000000a4       0x2d cmake/stm32cubemx/CMakeFiles/STM32_Drivers.dir/__/__/Core/Src/system_stm32f1xx.c.obj
 .ARM.attributes
                0x000000d1       0x2d cmake/stm32cubemx/CMakeFiles/STM32_Drivers.dir/__/__/Drivers/STM32F1xx_HAL_Driver/Src/stm32f1xx_hal.c.obj
 .ARM.attributes
                0x000000fe       0x2d cmake/stm32cubemx/CMakeFiles/STM32_Drivers.dir/__/__/Drivers/STM32F1xx_HAL_Driver/Src/stm32f1xx_hal_rcc.c.obj
 .ARM.attributes
                0x0000012b       0x2d cmake/stm32cubemx/CMakeFiles/STM32_Drivers.dir/__/__/Drivers/STM32F1xx_HAL_Driver/Src/stm32f1xx_hal_rcc_ex.c.obj
 .ARM.attributes
                0x00000158       0x2d cmake/stm32cubemx/CMakeFiles/STM32_Drivers.dir/__/__/Drivers/STM32F1xx_HAL_Driver/Src/stm32f1xx_hal_gpio.c.obj
 .ARM.attributes
                0x00000185       0x2d cmake/stm32cubemx/CMakeFiles/STM32_Drivers.dir/__/__/Drivers/STM32F1xx_HAL_Driver/Src/stm32f1xx_hal_dma.c.obj
 .ARM.attributes
                0x000001b2       0x2d cmake/stm32cubemx/CMakeFiles/STM32_Drivers.dir/__/__/Drivers/STM32F1xx_HAL_Driver/Src/stm32f1xx_hal_cortex.c.obj
 .ARM.attributes
                0x000001df       0x2d cmake/stm32cubemx/CMakeFiles/STM32_Drivers.dir/__/__/Drivers/STM32F1xx_HAL_Driver/Src/stm32f1xx_hal_uart.c.obj
 .ARM.attributes
                0x0000020c       0x2d CMakeFiles/proj005cmakeC6T6.dir/Core/Src/main.c.obj
 .ARM.attributes
                0x00000239       0x2d CMakeFiles/proj005cmakeC6T6.dir/Core/Src/stm32f1xx_it.c.obj
 .ARM.attributes
                0x00000266       0x2d CMakeFiles/proj005cmakeC6T6.dir/Core/Src/stm32f1xx_hal_msp.c.obj
 .ARM.attributes
                0x00000293       0x21 CMakeFiles/proj005cmakeC6T6.dir/startup_stm32f103x6.s.obj
 .ARM.attributes
                0x000002b4       0x2d /usr/lib/gcc/arm-none-eabi/15/thumb/v7-m/nofp/crtend.o
 .ARM.attributes
                0x000002e1       0x1d /usr/lib/gcc/arm-none-eabi/15/thumb/v7-m/nofp/crtn.o

.comment        0x00000000       0x1f
 .comment       0x00000000       0x1f /usr/lib/gcc/arm-none-eabi/15/thumb/v7-m/nofp/crtbegin.o
                                 0x20 (size before relaxing)
 .comment       0x0000001f       0x20 /usr/lib/gcc/arm-none-eabi/15/../../../../arm-none-eabi/lib/thumb/v7-m/nofp/libc_nano.a(libc_a-memset.o)
 .comment       0x0000001f       0x20 /usr/lib/gcc/arm-none-eabi/15/../../../../arm-none-eabi/lib/thumb/v7-m/nofp/libc_nano.a(libc_a-init.o)
 .comment       0x0000001f       0x20 cmake/stm32cubemx/CMakeFiles/STM32_Drivers.dir/__/__/Core/Src/system_stm32f1xx.c.obj
 .comment       0x0000001f       0x20 cmake/stm32cubemx/CMakeFiles/STM32_Drivers.dir/__/__/Drivers/STM32F1xx_HAL_Driver/Src/stm32f1xx_hal.c.obj
 .comment       0x0000001f       0x20 cmake/stm32cubemx/CMakeFiles/STM32_Drivers.dir/__/__/Drivers/STM32F1xx_HAL_Driver/Src/stm32f1xx_hal_rcc.c.obj
 .comment       0x0000001f       0x20 cmake/stm32cubemx/CMakeFiles/STM32_Drivers.dir/__/__/Drivers/STM32F1xx_HAL_Driver/Src/stm32f1xx_hal_rcc_ex.c.obj
 .comment       0x0000001f       0x20 cmake/stm32cubemx/CMakeFiles/STM32_Drivers.dir/__/__/Drivers/STM32F1xx_HAL_Driver/Src/stm32f1xx_hal_gpio.c.obj
 .comment       0x0000001f       0x20 cmake/stm32cubemx/CMakeFiles/STM32_Drivers.dir/__/__/Drivers/STM32F1xx_HAL_Driver/Src/stm32f1xx_hal_dma.c.obj
 .comment       0x0000001f       0x20 cmake/stm32cubemx/CMakeFiles/STM32_Drivers.dir/__/__/Drivers/STM32F1xx_HAL_Driver/Src/stm32f1xx_hal_cortex.c.obj
 .comment       0x0000001f       0x20 cmake/stm32cubemx/CMakeFiles/STM32_Drivers.dir/__/__/Drivers/STM32F1xx_HAL_Driver/Src/stm32f1xx_hal_uart.c.obj
 .comment       0x0000001f       0x20 CMakeFiles/proj005cmakeC6T6.dir/Core/Src/main.c.obj
 .comment       0x0000001f       0x20 CMakeFiles/proj005cmakeC6T6.dir/Core/Src/stm32f1xx_it.c.obj
 .comment       0x0000001f       0x20 CMakeFiles/proj005cmakeC6T6.dir/Core/Src/stm32f1xx_hal_msp.c.obj
 .comment       0x0000001f       0x20 /usr/lib/gcc/arm-none-eabi/15/thumb/v7-m/nofp/crtend.o
