Archive member included to satisfy reference by file (symbol)

/usr/lib/gcc/arm-none-eabi/15/../../../../arm-none-eabi/lib/thumb/v7-m/nofp/libc_nano.a(libc_a-atexit.o)
                              /usr/lib/gcc/arm-none-eabi/15/../../../../arm-none-eabi/lib/thumb/v7-m/nofp/crt0.o (atexit)
/usr/lib/gcc/arm-none-eabi/15/../../../../arm-none-eabi/lib/thumb/v7-m/nofp/libc_nano.a(libc_a-exit.o)
                              /usr/lib/gcc/arm-none-eabi/15/../../../../arm-none-eabi/lib/thumb/v7-m/nofp/crt0.o (exit)
/usr/lib/gcc/arm-none-eabi/15/../../../../arm-none-eabi/lib/thumb/v7-m/nofp/libc_nano.a(libc_a-findfp.o)
                              /usr/lib/gcc/arm-none-eabi/15/../../../../arm-none-eabi/lib/thumb/v7-m/nofp/libc_nano.a(libc_a-exit.o) (__stdio_exit_handler)
/usr/lib/gcc/arm-none-eabi/15/../../../../arm-none-eabi/lib/thumb/v7-m/nofp/libc_nano.a(libc_a-fwalk.o)
                              /usr/lib/gcc/arm-none-eabi/15/../../../../arm-none-eabi/lib/thumb/v7-m/nofp/libc_nano.a(libc_a-findfp.o) (_fwalk_sglue)
/usr/lib/gcc/arm-none-eabi/15/../../../../arm-none-eabi/lib/thumb/v7-m/nofp/libc_nano.a(libc_a-stdio.o)
                              /usr/lib/gcc/arm-none-eabi/15/../../../../arm-none-eabi/lib/thumb/v7-m/nofp/libc_nano.a(libc_a-findfp.o) (__sread)
/usr/lib/gcc/arm-none-eabi/15/../../../../arm-none-eabi/lib/thumb/v7-m/nofp/libc_nano.a(libc_a-memset.o)
                              /usr/lib/gcc/arm-none-eabi/15/../../../../arm-none-eabi/lib/thumb/v7-m/nofp/crt0.o (memset)
/usr/lib/gcc/arm-none-eabi/15/../../../../arm-none-eabi/lib/thumb/v7-m/nofp/libc_nano.a(libc_a-closer.o)
                              /usr/lib/gcc/arm-none-eabi/15/../../../../arm-none-eabi/lib/thumb/v7-m/nofp/libc_nano.a(libc_a-stdio.o) (_close_r)
/usr/lib/gcc/arm-none-eabi/15/../../../../arm-none-eabi/lib/thumb/v7-m/nofp/libc_nano.a(libc_a-reent.o)
                              /usr/lib/gcc/arm-none-eabi/15/../../../../arm-none-eabi/lib/thumb/v7-m/nofp/libc_nano.a(libc_a-closer.o) (errno)
/usr/lib/gcc/arm-none-eabi/15/../../../../arm-none-eabi/lib/thumb/v7-m/nofp/libc_nano.a(libc_a-impure.o)
                              /usr/lib/gcc/arm-none-eabi/15/../../../../arm-none-eabi/lib/thumb/v7-m/nofp/libc_nano.a(libc_a-reent.o) (_impure_ptr)
/usr/lib/gcc/arm-none-eabi/15/../../../../arm-none-eabi/lib/thumb/v7-m/nofp/libc_nano.a(libc_a-lseekr.o)
                              /usr/lib/gcc/arm-none-eabi/15/../../../../arm-none-eabi/lib/thumb/v7-m/nofp/libc_nano.a(libc_a-stdio.o) (_lseek_r)
/usr/lib/gcc/arm-none-eabi/15/../../../../arm-none-eabi/lib/thumb/v7-m/nofp/libc_nano.a(libc_a-readr.o)
                              /usr/lib/gcc/arm-none-eabi/15/../../../../arm-none-eabi/lib/thumb/v7-m/nofp/libc_nano.a(libc_a-stdio.o) (_read_r)
/usr/lib/gcc/arm-none-eabi/15/../../../../arm-none-eabi/lib/thumb/v7-m/nofp/libc_nano.a(libc_a-writer.o)
                              /usr/lib/gcc/arm-none-eabi/15/../../../../arm-none-eabi/lib/thumb/v7-m/nofp/libc_nano.a(libc_a-stdio.o) (_write_r)
/usr/lib/gcc/arm-none-eabi/15/../../../../arm-none-eabi/lib/thumb/v7-m/nofp/libc_nano.a(libc_a-init.o)
                              /usr/lib/gcc/arm-none-eabi/15/../../../../arm-none-eabi/lib/thumb/v7-m/nofp/crt0.o (__libc_init_array)
/usr/lib/gcc/arm-none-eabi/15/../../../../arm-none-eabi/lib/thumb/v7-m/nofp/libc_nano.a(libc_a-fini.o)
                              /usr/lib/gcc/arm-none-eabi/15/../../../../arm-none-eabi/lib/thumb/v7-m/nofp/crt0.o (__libc_fini_array)
/usr/lib/gcc/arm-none-eabi/15/../../../../arm-none-eabi/lib/thumb/v7-m/nofp/libc_nano.a(libc_a-__atexit.o)
                              /usr/lib/gcc/arm-none-eabi/15/../../../../arm-none-eabi/lib/thumb/v7-m/nofp/libc_nano.a(libc_a-atexit.o) (__register_exitproc)
/usr/lib/gcc/arm-none-eabi/15/../../../../arm-none-eabi/lib/thumb/v7-m/nofp/libc_nano.a(libc_a-__call_atexit.o)
                              /usr/lib/gcc/arm-none-eabi/15/../../../../arm-none-eabi/lib/thumb/v7-m/nofp/libc_nano.a(libc_a-__atexit.o) (__call_exitprocs)
/usr/lib/gcc/arm-none-eabi/15/../../../../arm-none-eabi/lib/thumb/v7-m/nofp/libc_nano.a(libc_a-freer.o)
                              /usr/lib/gcc/arm-none-eabi/15/../../../../arm-none-eabi/lib/thumb/v7-m/nofp/libc_nano.a(libc_a-reent.o) (_free_r)
/usr/lib/gcc/arm-none-eabi/15/../../../../arm-none-eabi/lib/thumb/v7-m/nofp/libc_nano.a(libc_a-mallocr.o)
                              /usr/lib/gcc/arm-none-eabi/15/../../../../arm-none-eabi/lib/thumb/v7-m/nofp/libc_nano.a(libc_a-findfp.o) (_malloc_r)
/usr/lib/gcc/arm-none-eabi/15/../../../../arm-none-eabi/lib/thumb/v7-m/nofp/libc_nano.a(libc_a-mlock.o)
                              /usr/lib/gcc/arm-none-eabi/15/../../../../arm-none-eabi/lib/thumb/v7-m/nofp/libc_nano.a(libc_a-freer.o) (__malloc_lock)
/usr/lib/gcc/arm-none-eabi/15/../../../../arm-none-eabi/lib/thumb/v7-m/nofp/libc_nano.a(libc_a-fflush.o)
[...]
Memory Configuration

Name             Origin             Length             Attributes
FLASH            0x08000000         0x00008000         xr
RAM              0x20000000         0x00002800         xrw
MEMORY_B1        0x60000000         0x00000000         xr
*default*        0x00000000         0xffffffff

Linker script and memory map

LOAD /usr/lib/gcc/arm-none-eabi/15/thumb/v7-m/nofp/crti.o
LOAD /usr/lib/gcc/arm-none-eabi/15/thumb/v7-m/nofp/crtbegin.o
LOAD /usr/lib/gcc/arm-none-eabi/15/../../../../arm-none-eabi/lib/thumb/v7-m/nofp/crt0.o
START GROUP
LOAD /usr/lib/gcc/arm-none-eabi/15/../../../../arm-none-eabi/lib/thumb/v7-m/nofp/libc_nano.a
LOAD /usr/lib/gcc/arm-none-eabi/15/../../../../arm-none-eabi/lib/thumb/v7-m/nofp/libm.a
END GROUP
LOAD cmake/stm32cubemx/CMakeFiles/STM32_Drivers.dir/__/__/Drivers/STM32F10x_StdPeriph_Driver/CMSIS/CM3/DeviceSupport/ST/STM32F10x/system_stm32f10x.c.obj
LOAD cmake/stm32cubemx/CMakeFiles/STM32_Drivers.dir/__/__/Drivers/STM32F10x_StdPeriph_Driver/src/misc.c.obj
LOAD cmake/stm32cubemx/CMakeFiles/STM32_Drivers.dir/__/__/Drivers/STM32F10x_StdPeriph_Driver/src/stm32f10x_adc.c.obj
LOAD cmake/stm32cubemx/CMakeFiles/STM32_Drivers.dir/__/__/Drivers/STM32F10x_StdPeriph_Driver/src/stm32f10x_bkp.c.obj
LOAD cmake/stm32cubemx/CMakeFiles/STM32_Drivers.dir/__/__/Drivers/STM32F10x_StdPeriph_Driver/src/stm32f10x_can.c.obj
LOAD cmake/stm32cubemx/CMakeFiles/STM32_Drivers.dir/__/__/Drivers/STM32F10x_StdPeriph_Driver/src/stm32f10x_cec.c.obj
LOAD cmake/stm32cubemx/CMakeFiles/STM32_Drivers.dir/__/__/Drivers/STM32F10x_StdPeriph_Driver/src/stm32f10x_crc.c.obj
LOAD cmake/stm32cubemx/CMakeFiles/STM32_Drivers.dir/__/__/Drivers/STM32F10x_StdPeriph_Driver/src/stm32f10x_dac.c.obj
LOAD cmake/stm32cubemx/CMakeFiles/STM32_Drivers.dir/__/__/Drivers/STM32F10x_StdPeriph_Driver/src/stm32f10x_dbgmcu.c.obj
LOAD cmake/stm32cubemx/CMakeFiles/STM32_Drivers.dir/__/__/Drivers/STM32F10x_StdPeriph_Driver/src/stm32f10x_dma.c.obj
LOAD cmake/stm32cubemx/CMakeFiles/STM32_Drivers.dir/__/__/Drivers/STM32F10x_StdPeriph_Driver/src/stm32f10x_exti.c.obj
LOAD cmake/stm32cubemx/CMakeFiles/STM32_Drivers.dir/__/__/Drivers/STM32F10x_StdPeriph_Driver/src/stm32f10x_flash.c.obj
LOAD cmake/stm32cubemx/CMakeFiles/STM32_Drivers.dir/__/__/Drivers/STM32F10x_StdPeriph_Driver/src/stm32f10x_fsmc.c.obj
LOAD cmake/stm32cubemx/CMakeFiles/STM32_Drivers.dir/__/__/Drivers/STM32F10x_StdPeriph_Driver/src/stm32f10x_gpio.c.obj
LOAD cmake/stm32cubemx/CMakeFiles/STM32_Drivers.dir/__/__/Drivers/STM32F10x_StdPeriph_Driver/src/stm32f10x_i2c.c.obj
LOAD cmake/stm32cubemx/CMakeFiles/STM32_Drivers.dir/__/__/Drivers/STM32F10x_StdPeriph_Driver/src/stm32f10x_iwdg.c.obj
LOAD cmake/stm32cubemx/CMakeFiles/STM32_Drivers.dir/__/__/Drivers/STM32F10x_StdPeriph_Driver/src/stm32f10x_pwr.c.obj
LOAD cmake/stm32cubemx/CMakeFiles/STM32_Drivers.dir/__/__/Drivers/STM32F10x_StdPeriph_Driver/src/stm32f10x_rcc.c.obj
LOAD cmake/stm32cubemx/CMakeFiles/STM32_Drivers.dir/__/__/Drivers/STM32F10x_StdPeriph_Driver/src/stm32f10x_rtc.c.obj
LOAD cmake/stm32cubemx/CMakeFiles/STM32_Drivers.dir/__/__/Drivers/STM32F10x_StdPeriph_Driver/src/stm32f10x_sdio.c.obj
LOAD cmake/stm32cubemx/CMakeFiles/STM32_Drivers.dir/__/__/Drivers/STM32F10x_StdPeriph_Driver/src/stm32f10x_spi.c.obj
LOAD cmake/stm32cubemx/CMakeFiles/STM32_Drivers.dir/__/__/Drivers/STM32F10x_StdPeriph_Driver/src/stm32f10x_tim.c.obj
LOAD cmake/stm32cubemx/CMakeFiles/STM32_Drivers.dir/__/__/Drivers/STM32F10x_StdPeriph_Driver/src/stm32f10x_usart.c.obj
LOAD cmake/stm32cubemx/CMakeFiles/STM32_Drivers.dir/__/__/Drivers/STM32F10x_StdPeriph_Driver/src/stm32f10x_wwdg.c.obj
LOAD cmake/stm32cubemx/CMakeFiles/STM32_Drivers.dir/__/__/Drivers/STM32F10x_StdPeriph_Driver/CMSIS/CM3/CoreSupport/core_cm3.c.obj
LOAD CMakeFiles/proj005cmakeC6T6.dir/Core/src/001.c.obj
LOAD CMakeFiles/proj005cmakeC6T6.dir/Core/src/libmodbus.c.obj
LOAD CMakeFiles/proj005cmakeC6T6.dir/Core/src/main.c.obj
LOAD CMakeFiles/proj005cmakeC6T6.dir/Core/src/modbus.c.obj
LOAD CMakeFiles/proj005cmakeC6T6.dir/Core/src/onewire.c.obj
LOAD CMakeFiles/proj005cmakeC6T6.dir/Core/src/tim2_delay.c.obj
LOAD CMakeFiles/proj005cmakeC6T6.dir/Drivers/STM32F10x_StdPeriph_Driver/CMSIS/CM3/DeviceSupport/ST/STM32F10x/startup/TrueSTUDIO/startup_stm32f10x_md.s.obj
START GROUP
LOAD /usr/lib/gcc/arm-none-eabi/15/thumb/v7-m/nofp/libgcc.a
LOAD /usr/lib/gcc/arm-none-eabi/15/../../../../arm-none-eabi/lib/thumb/v7-m/nofp/libg_nano.a
LOAD /usr/lib/gcc/arm-none-eabi/15/../../../../arm-none-eabi/lib/thumb/v7-m/nofp/libc_nano.a
END GROUP
START GROUP
LOAD /usr/lib/gcc/arm-none-eabi/15/thumb/v7-m/nofp/libgcc.a
LOAD /usr/lib/gcc/arm-none-eabi/15/../../../../arm-none-eabi/lib/thumb/v7-m/nofp/libc_nano.a
END GROUP
LOAD /usr/lib/gcc/arm-none-eabi/15/thumb/v7-m/nofp/crtend.o
LOAD /usr/lib/gcc/arm-none-eabi/15/thumb/v7-m/nofp/crtn.o
                0x20005000                        _estack = 0x20005000
                0x00000000                        _Min_Heap_Size = 0x0
                0x00000100                        _Min_Stack_Size = 0x100

.isr_vector     0x08000000      0x10c
                0x08000000                        . = ALIGN (0x4)
 *(.isr_vector)
 .isr_vector    0x08000000      0x10c CMakeFiles/proj005cmakeC6T6.dir/Drivers/STM32F10x_StdPeriph_Driver/CMSIS/CM3/DeviceSupport/ST/STM32F10x/startup/TrueSTUDIO/startup_stm32f10x_md.s.obj
                0x08000000                g_pfnVectors
                0x0800010c                        . = ALIGN (0x4)

.eh_frame       0x0800010c        0x0
 .eh_frame      0x0800010c        0x0 /usr/lib/gcc/arm-none-eabi/15/thumb/v7-m/nofp/crtbegin.o

.text           0x0800010c     0x23f0
                0x0800010c                        . = ALIGN (0x4)
 *(.text)
 .text          0x0800010c       0x88 /usr/lib/gcc/arm-none-eabi/15/thumb/v7-m/nofp/crtbegin.o
 *(.text*)
 .text.__libc_init_array
                0x08000194       0x48 /usr/lib/gcc/arm-none-eabi/15/../../../../arm-none-eabi/lib/thumb/v7-m/nofp/libc_nano.a(libc_a-init.o)
                0x08000194                __libc_init_array
 .text.SystemInit
                0x080001dc       0x68 cmake/stm32cubemx/CMakeFiles/STM32_Drivers.dir/__/__/Drivers/STM32F10x_StdPeriph_Driver/CMSIS/CM3/DeviceSupport/ST/STM32F10x/system_stm32f10x.c.obj
                0x080001dc                SystemInit
 .text.SetSysClock
                0x08000244        0xc cmake/stm32cubemx/CMakeFiles/STM32_Drivers.dir/__/__/Drivers/STM32F10x_StdPeriph_Driver/CMSIS/CM3/DeviceSupport/ST/STM32F10x/system_stm32f10x.c.obj
 .text.SetSysClockTo72
                0x08000250      0x100 cmake/stm32cubemx/CMakeFiles/STM32_Drivers.dir/__/__/Drivers/STM32F10x_StdPeriph_Driver/CMSIS/CM3/DeviceSupport/ST/STM32F10x/system_stm32f10x.c.obj
 .text.NVIC_Init
                0x08000350       0xc4 cmake/stm32cubemx/CMakeFiles/STM32_Drivers.dir/__/__/Drivers/STM32F10x_StdPeriph_Driver/src/misc.c.obj
                0x08000350                NVIC_Init
 .text.BKP_WriteBackupRegister
                0x08000414       0x38 cmake/stm32cubemx/CMakeFiles/STM32_Drivers.dir/__/__/Drivers/STM32F10x_StdPeriph_Driver/src/stm32f10x_bkp.c.obj
                0x08000414                BKP_WriteBackupRegister
 .text.BKP_ReadBackupRegister
                0x0800044c       0x30 cmake/stm32cubemx/CMakeFiles/STM32_Drivers.dir/__/__/Drivers/STM32F10x_StdPeriph_Driver/src/stm32f10x_bkp.c.obj
                0x0800044c                BKP_ReadBackupRegister
 .text.GPIO_Init
                0x0800047c      0x178 cmake/stm32cubemx/CMakeFiles/STM32_Drivers.dir/__/__/Drivers/STM32F10x_StdPeriph_Driver/src/stm32f10x_gpio.c.obj
                0x0800047c                GPIO_Init
 .text.GPIO_ReadInputDataBit
                0x080005f4       0x32 cmake/stm32cubemx/CMakeFiles/STM32_Drivers.dir/__/__/Drivers/STM32F10x_StdPeriph_Driver/src/stm32f10x_gpio.c.obj
                0x080005f4                GPIO_ReadInputDataBit
 .text.GPIO_ReadOutputDataBit
                0x08000626       0x32 cmake/stm32cubemx/CMakeFiles/STM32_Drivers.dir/__/__/Drivers/STM32F10x_StdPeriph_Driver/src/stm32f10x_gpio.c.obj
                0x08000626                GPIO_ReadOutputDataBit
 .text.GPIO_SetBits
                0x08000658       0x1c cmake/stm32cubemx/CMakeFiles/STM32_Drivers.dir/__/__/Drivers/STM32F10x_StdPeriph_Driver/src/stm32f10x_gpio.c.obj
                0x08000658                GPIO_SetBits
 .text.GPIO_ResetBits
                0x08000674       0x1c cmake/stm32cubemx/CMakeFiles/STM32_Drivers.dir/__/__/Drivers/STM32F10x_StdPeriph_Driver/src/stm32f10x_gpio.c.obj
                0x08000674                GPIO_ResetBits
 .text.GPIO_WriteBit
                0x08000690       0x2e cmake/stm32cubemx/CMakeFiles/STM32_Drivers.dir/__/__/Drivers/STM32F10x_StdPeriph_Driver/src/stm32f10x_gpio.c.obj
                0x08000690                GPIO_WriteBit
 *fill*         0x080006be        0x2 
 .text.PWR_BackupAccessCmd
                0x080006c0       0x20 cmake/stm32cubemx/CMakeFiles/STM32_Drivers.dir/__/__/Drivers/STM32F10x_StdPeriph_Driver/src/stm32f10x_pwr.c.obj
                0x080006c0                PWR_BackupAccessCmd
 .text.RCC_GetClocksFreq
                0x080006e0      0x16c cmake/stm32cubemx/CMakeFiles/STM32_Drivers.dir/__/__/Drivers/STM32F10x_StdPeriph_Driver/src/stm32f10x_rcc.c.obj
                0x080006e0                RCC_GetClocksFreq
 .text.RCC_APB2PeriphClockCmd
                0x0800084c       0x3c cmake/stm32cubemx/CMakeFiles/STM32_Drivers.dir/__/__/Drivers/STM32F10x_StdPeriph_Driver/src/stm32f10x_rcc.c.obj
                0x0800084c                RCC_APB2PeriphClockCmd
 .text.RCC_APB1PeriphClockCmd
                0x08000888       0x3c cmake/stm32cubemx/CMakeFiles/STM32_Drivers.dir/__/__/Drivers/STM32F10x_StdPeriph_Driver/src/stm32f10x_rcc.c.obj
                0x08000888                RCC_APB1PeriphClockCmd
 .text.TIM_TimeBaseInit
                0x080008c4       0xf8 cmake/stm32cubemx/CMakeFiles/STM32_Drivers.dir/__/__/Drivers/STM32F10x_StdPeriph_Driver/src/stm32f10x_tim.c.obj
                0x080008c4                TIM_TimeBaseInit
 .text.TIM_TimeBaseStructInit
                0x080009bc       0x32 cmake/stm32cubemx/CMakeFiles/STM32_Drivers.dir/__/__/Drivers/STM32F10x_StdPeriph_Driver/src/stm32f10x_tim.c.obj
                0x080009bc                TIM_TimeBaseStructInit
 .text.TIM_Cmd  0x080009ee       0x3e cmake/stm32cubemx/CMakeFiles/STM32_Drivers.dir/__/__/Drivers/STM32F10x_StdPeriph_Driver/src/stm32f10x_tim.c.obj
                0x080009ee                TIM_Cmd
 .text.TIM_ITConfig
                0x08000a2c       0x46 cmake/stm32cubemx/CMakeFiles/STM32_Drivers.dir/__/__/Drivers/STM32F10x_StdPeriph_Driver/src/stm32f10x_tim.c.obj
                0x08000a2c                TIM_ITConfig
 .text.TIM_SetCounter
                0x08000a72       0x1c cmake/stm32cubemx/CMakeFiles/STM32_Drivers.dir/__/__/Drivers/STM32F10x_StdPeriph_Driver/src/stm32f10x_tim.c.obj
                0x08000a72                TIM_SetCounter
 .text.TIM_GetITStatus
                0x08000a8e       0x52 cmake/stm32cubemx/CMakeFiles/STM32_Drivers.dir/__/__/Drivers/STM32F10x_StdPeriph_Driver/src/stm32f10x_tim.c.obj
                0x08000a8e                TIM_GetITStatus
 .text.TIM_ClearITPendingBit
                0x08000ae0       0x20 cmake/stm32cubemx/CMakeFiles/STM32_Drivers.dir/__/__/Drivers/STM32F10x_StdPeriph_Driver/src/stm32f10x_tim.c.obj
                0x08000ae0                TIM_ClearITPendingBit
 .text.USART_Init
                0x08000b00      0x174 cmake/stm32cubemx/CMakeFiles/STM32_Drivers.dir/__/__/Drivers/STM32F10x_StdPeriph_Driver/src/stm32f10x_usart.c.obj
                0x08000b00                USART_Init
 .text.USART_Cmd
                0x08000c74       0x3e cmake/stm32cubemx/CMakeFiles/STM32_Drivers.dir/__/__/Drivers/STM32F10x_StdPeriph_Driver/src/stm32f10x_usart.c.obj
                0x08000c74                USART_Cmd
 .text.USART_ITConfig
                0x08000cb2       0x8e cmake/stm32cubemx/CMakeFiles/STM32_Drivers.dir/__/__/Drivers/STM32F10x_StdPeriph_Driver/src/stm32f10x_usart.c.obj
                0x08000cb2                USART_ITConfig
 .text.USART_SendData
                0x08000d40       0x22 cmake/stm32cubemx/CMakeFiles/STM32_Drivers.dir/__/__/Drivers/STM32F10x_StdPeriph_Driver/src/stm32f10x_usart.c.obj
                0x08000d40                USART_SendData
 .text.USART_ReceiveData
                0x08000d62       0x1e cmake/stm32cubemx/CMakeFiles/STM32_Drivers.dir/__/__/Drivers/STM32F10x_StdPeriph_Driver/src/stm32f10x_usart.c.obj
                0x08000d62                USART_ReceiveData
 .text.USART_GetFlagStatus
                0x08000d80       0x36 cmake/stm32cubemx/CMakeFiles/STM32_Drivers.dir/__/__/Drivers/STM32F10x_StdPeriph_Driver/src/stm32f10x_usart.c.obj
                0x08000d80                USART_GetFlagStatus
 .text.USART_GetITStatus
                0x08000db6       0xb4 cmake/stm32cubemx/CMakeFiles/STM32_Drivers.dir/__/__/Drivers/STM32F10x_StdPeriph_Driver/src/stm32f10x_usart.c.obj
                0x08000db6                USART_GetITStatus
 .text.USART_ClearITPendingBit
                0x08000e6a       0x38 cmake/stm32cubemx/CMakeFiles/STM32_Drivers.dir/__/__/Drivers/STM32F10x_StdPeriph_Driver/src/stm32f10x_usart.c.obj
                0x08000e6a                USART_ClearITPendingBit
 *fill*         0x08000ea2        0x2 
 .text.WWDG_SetCounter
                0x08000ea4       0x24 cmake/stm32cubemx/CMakeFiles/STM32_Drivers.dir/__/__/Drivers/STM32F10x_StdPeriph_Driver/src/stm32f10x_wwdg.c.obj
                0x08000ea4                WWDG_SetCounter
 .text.WWDG_ClearFlag
                0x08000ec8       0x18 cmake/stm32cubemx/CMakeFiles/STM32_Drivers.dir/__/__/Drivers/STM32F10x_StdPeriph_Driver/src/stm32f10x_wwdg.c.obj
                0x08000ec8                WWDG_ClearFlag
 .text.NVIC_EnableIRQ
                0x08000ee0       0x30 CMakeFiles/proj005cmakeC6T6.dir/Core/src/001.c.obj
 .text.GETonGPIO
                0x08000f10      0x128 CMakeFiles/proj005cmakeC6T6.dir/Core/src/001.c.obj
                0x08000f10                GETonGPIO
 .text.usart1_init
                0x08001038       0xc8 CMakeFiles/proj005cmakeC6T6.dir/Core/src/001.c.obj
                0x08001038                usart1_init
 .text.USART1_IRQHandler
                0x08001100       0xec CMakeFiles/proj005cmakeC6T6.dir/Core/src/001.c.obj
                0x08001100                USART1_IRQHandler
 .text.USART1Send
                0x080011ec       0x40 CMakeFiles/proj005cmakeC6T6.dir/Core/src/001.c.obj
                0x080011ec                USART1Send
 .text.WWDG_IRQHandler
                0x0800122c       0x24 CMakeFiles/proj005cmakeC6T6.dir/Core/src/001.c.obj
                0x0800122c                WWDG_IRQHandler
 .text.SETglobalsecs
                0x08001250       0x2a CMakeFiles/proj005cmakeC6T6.dir/Core/src/001.c.obj
                0x08001250                SETglobalsecs
 .text.GETglobalsecs
                0x0800127a       0x1c CMakeFiles/proj005cmakeC6T6.dir/Core/src/001.c.obj
                0x0800127a                GETglobalsecs
 .text.TIM2_init
                0x08001296       0x50 CMakeFiles/proj005cmakeC6T6.dir/Core/src/001.c.obj
                0x08001296                TIM2_init
 *fill*         0x080012e6        0x2 
 .text.TIM2_IRQHandler
                0x080012e8       0x70 CMakeFiles/proj005cmakeC6T6.dir/Core/src/001.c.obj
                0x080012e8                TIM2_IRQHandler
 .text.delay_us
                0x08001358       0x30 CMakeFiles/proj005cmakeC6T6.dir/Core/src/001.c.obj
                0x08001358                delay_us
 .text.TIM4_init
                0x08001388       0x58 CMakeFiles/proj005cmakeC6T6.dir/Core/src/001.c.obj
                0x08001388                TIM4_init
 .text.TIM4_IRQHandler
                0x080013e0       0x24 CMakeFiles/proj005cmakeC6T6.dir/Core/src/001.c.obj
                0x080013e0                TIM4_IRQHandler
 .text.TIM3_init
                0x08001404       0x60 CMakeFiles/proj005cmakeC6T6.dir/Core/src/001.c.obj
                0x08001404                TIM3_init
 .text.TIM3_IRQHandler
                0x08001464       0x78 CMakeFiles/proj005cmakeC6T6.dir/Core/src/001.c.obj
                0x08001464                TIM3_IRQHandler
 .text.main     0x080014dc      0x18c CMakeFiles/proj005cmakeC6T6.dir/Core/src/main.c.obj
                0x080014dc                main
 .text.atSTART  0x08001668       0x58 CMakeFiles/proj005cmakeC6T6.dir/Core/src/main.c.obj
                0x08001668                atSTART
 .text.crc16    0x080016c0       0x6c CMakeFiles/proj005cmakeC6T6.dir/Core/src/modbus.c.obj
                0x080016c0                crc16
 .text.net_tx1  0x0800172c       0x64 CMakeFiles/proj005cmakeC6T6.dir/Core/src/modbus.c.obj
                0x0800172c                net_tx1
 .text.MODBUS_SLAVE
                0x08001790      0x154 CMakeFiles/proj005cmakeC6T6.dir/Core/src/modbus.c.obj
                0x08001790                MODBUS_SLAVE
 .text.TX_EXCEPTION
                0x080018e4       0x24 CMakeFiles/proj005cmakeC6T6.dir/Core/src/modbus.c.obj
                0x080018e4                TX_EXCEPTION
 .text.TX_01    0x08001908      0x158 CMakeFiles/proj005cmakeC6T6.dir/Core/src/modbus.c.obj
                0x08001908                TX_01
 .text.TX_02    0x08001a60      0x158 CMakeFiles/proj005cmakeC6T6.dir/Core/src/modbus.c.obj
                0x08001a60                TX_02
 .text.setCOILS
                0x08001bb8       0xb4 CMakeFiles/proj005cmakeC6T6.dir/Core/src/modbus.c.obj
                0x08001bb8                setCOILS
 .text.read_Discrete_Inputs_RO
                0x08001c6c      0x12c CMakeFiles/proj005cmakeC6T6.dir/Core/src/modbus.c.obj
                0x08001c6c                read_Discrete_Inputs_RO
 .text.read_Coils_RW
                0x08001d98      0x134 CMakeFiles/proj005cmakeC6T6.dir/Core/src/modbus.c.obj
                0x08001d98                read_Coils_RW
 .text.TX_05    0x08001ecc       0x88 CMakeFiles/proj005cmakeC6T6.dir/Core/src/modbus.c.obj
                0x08001ecc                TX_05
 .text.TX_04    0x08001f54       0xbc CMakeFiles/proj005cmakeC6T6.dir/Core/src/modbus.c.obj
                0x08001f54                TX_04
 .text.TX_03    0x08002010       0xc0 CMakeFiles/proj005cmakeC6T6.dir/Core/src/modbus.c.obj
                0x08002010                TX_03
 .text.TX_06    0x080020d0       0x5c CMakeFiles/proj005cmakeC6T6.dir/Core/src/modbus.c.obj
                0x080020d0                TX_06
 .text.coilTOback
                0x0800212c       0x7c CMakeFiles/proj005cmakeC6T6.dir/Core/src/modbus.c.obj
                0x0800212c                coilTOback
 .text.coilFROMback
                0x080021a8       0x58 CMakeFiles/proj005cmakeC6T6.dir/Core/src/modbus.c.obj
                0x080021a8                coilFROMback
 .text.TX_16    0x08002200       0x74 CMakeFiles/proj005cmakeC6T6.dir/Core/src/modbus.c.obj
                0x08002200                TX_16
 .text.Reset_Handler
                0x08002274       0x48 CMakeFiles/proj005cmakeC6T6.dir/Drivers/STM32F10x_StdPeriph_Driver/CMSIS/CM3/DeviceSupport/ST/STM32F10x/startup/TrueSTUDIO/startup_stm32f10x_md.s.obj
                0x08002274                Reset_Handler
 .text.Default_Handler
                0x080022bc        0x2 CMakeFiles/proj005cmakeC6T6.dir/Drivers/STM32F10x_StdPeriph_Driver/CMSIS/CM3/DeviceSupport/ST/STM32F10x/startup/TrueSTUDIO/startup_stm32f10x_md.s.obj
                0x080022bc                EXTI2_IRQHandler
                0x080022bc                DebugMon_Handler
                0x080022bc                TIM1_CC_IRQHandler
                0x080022bc                HardFault_Handler
                0x080022bc                SysTick_Handler
                0x080022bc                PVD_IRQHandler
                0x080022bc                PendSV_Handler
                0x080022bc                NMI_Handler
                0x080022bc                EXTI3_IRQHandler
                0x080022bc                EXTI0_IRQHandler
                0x080022bc                I2C2_EV_IRQHandler
                0x080022bc                UsageFault_Handler
                0x080022bc                ADC1_2_IRQHandler
                0x080022bc                SPI1_IRQHandler
                0x080022bc                TAMPER_IRQHandler
                0x080022bc                DMA1_Channel4_IRQHandler
                0x080022bc                USART3_IRQHandler
                0x080022bc                RTC_IRQHandler
                0x080022bc                DMA1_Channel7_IRQHandler
                0x080022bc                CAN1_RX1_IRQHandler
                0x080022bc                I2C1_EV_IRQHandler
                0x080022bc                DMA1_Channel6_IRQHandler
                0x080022bc                RCC_IRQHandler
                0x080022bc                TIM1_TRG_COM_IRQHandler
                0x080022bc                DMA1_Channel1_IRQHandler
                0x080022bc                Default_Handler
                0x080022bc                EXTI15_10_IRQHandler
                0x080022bc                EXTI9_5_IRQHandler
                0x080022bc                SPI2_IRQHandler
                0x080022bc                MemManage_Handler
                0x080022bc                SVC_Handler
                0x080022bc                DMA1_Channel5_IRQHandler
                0x080022bc                EXTI4_IRQHandler
                0x080022bc                USB_LP_CAN1_RX0_IRQHandler
                0x080022bc                USB_HP_CAN1_TX_IRQHandler
                0x080022bc                DMA1_Channel3_IRQHandler
                0x080022bc                TIM1_UP_IRQHandler
                0x080022bc                TIM1_BRK_IRQHandler
                0x080022bc                EXTI1_IRQHandler
                0x080022bc                RTCAlarm_IRQHandler
                0x080022bc                USART2_IRQHandler
                0x080022bc                I2C2_ER_IRQHandler
                0x080022bc                DMA1_Channel2_IRQHandler
                0x080022bc                CAN1_SCE_IRQHandler
                0x080022bc                FLASH_IRQHandler
                0x080022bc                BusFault_Handler
                0x080022bc                I2C1_ER_IRQHandler
                0x080022bc                USBWakeUp_IRQHandler
 *(.rodata)
 *fill*         0x080022be        0x2 
 .rodata        0x080022c0       0x10 CMakeFiles/proj005cmakeC6T6.dir/Core/src/main.c.obj
 *(.rodata*)
 .rodata.APBAHBPrescTable
                0x080022d0       0x10 cmake/stm32cubemx/CMakeFiles/STM32_Drivers.dir/__/__/Drivers/STM32F10x_StdPeriph_Driver/src/stm32f10x_rcc.c.obj
 .rodata.ADCPrescTable
                0x080022e0        0x4 cmake/stm32cubemx/CMakeFiles/STM32_Drivers.dir/__/__/Drivers/STM32F10x_StdPeriph_Driver/src/stm32f10x_rcc.c.obj
 .rodata.table_crc_hi
                0x080022e4      0x100 CMakeFiles/proj005cmakeC6T6.dir/Core/src/modbus.c.obj
 .rodata.table_crc_lo
                0x080023e4      0x100 CMakeFiles/proj005cmakeC6T6.dir/Core/src/modbus.c.obj
 *(.glue_7)
 .glue_7        0x080024e4        0x0 linker stubs
 *(.glue_7t)
 .glue_7t       0x080024e4        0x0 linker stubs
 *(.init)
 .init          0x080024e4        0x4 /usr/lib/gcc/arm-none-eabi/15/thumb/v7-m/nofp/crti.o
                0x080024e4                _init
 .init          0x080024e8        0x8 /usr/lib/gcc/arm-none-eabi/15/thumb/v7-m/nofp/crtn.o
 *(.fini)
 .fini          0x080024f0        0x4 /usr/lib/gcc/arm-none-eabi/15/thumb/v7-m/nofp/crti.o
                0x080024f0                _fini
 .fini          0x080024f4        0x8 /usr/lib/gcc/arm-none-eabi/15/thumb/v7-m/nofp/crtn.o
                0x080024fc                        . = ALIGN (0x4)
                0x080024fc                        _etext = .

.vfp11_veneer   0x080024fc        0x0
 .vfp11_veneer  0x080024fc        0x0 linker stubs

.v4_bx          0x080024fc        0x0
 .v4_bx         0x080024fc        0x0 linker stubs

.iplt           0x080024fc        0x0
 .iplt          0x080024fc        0x0 /usr/lib/gcc/arm-none-eabi/15/thumb/v7-m/nofp/crtbegin.o

.ARM.extab
 *(.ARM.extab* .gnu.linkonce.armextab.*)

.ARM            0x080024fc        0x0
                0x080024fc                        __exidx_start = .
 *(.ARM.exidx*)
                0x080024fc                        __exidx_end = .

.ARM.attributes
                0x080024fc       0x29
 *(.ARM.attributes)
 .ARM.attributes
                0x080024fc       0x1d /usr/lib/gcc/arm-none-eabi/15/thumb/v7-m/nofp/crti.o
 .ARM.attributes
                0x08002519       0x2d /usr/lib/gcc/arm-none-eabi/15/thumb/v7-m/nofp/crtbegin.o
 .ARM.attributes
                0x08002546       0x2d /usr/lib/gcc/arm-none-eabi/15/../../../../arm-none-eabi/lib/thumb/v7-m/nofp/libc_nano.a(libc_a-init.o)
 .ARM.attributes
                0x08002573       0x2d cmake/stm32cubemx/CMakeFiles/STM32_Drivers.dir/__/__/Drivers/STM32F10x_StdPeriph_Driver/CMSIS/CM3/DeviceSupport/ST/STM32F10x/system_stm32f10x.c.obj
 .ARM.attributes
                0x080025a0       0x2d cmake/stm32cubemx/CMakeFiles/STM32_Drivers.dir/__/__/Drivers/STM32F10x_StdPeriph_Driver/src/misc.c.obj
 .ARM.attributes
                0x080025cd       0x2d cmake/stm32cubemx/CMakeFiles/STM32_Drivers.dir/__/__/Drivers/STM32F10x_StdPeriph_Driver/src/stm32f10x_bkp.c.obj
 .ARM.attributes
                0x080025fa       0x2d cmake/stm32cubemx/CMakeFiles/STM32_Drivers.dir/__/__/Drivers/STM32F10x_StdPeriph_Driver/src/stm32f10x_gpio.c.obj
 .ARM.attributes
                0x08002627       0x2d cmake/stm32cubemx/CMakeFiles/STM32_Drivers.dir/__/__/Drivers/STM32F10x_StdPeriph_Driver/src/stm32f10x_pwr.c.obj
 .ARM.attributes
                0x08002654       0x2d cmake/stm32cubemx/CMakeFiles/STM32_Drivers.dir/__/__/Drivers/STM32F10x_StdPeriph_Driver/src/stm32f10x_rcc.c.obj
 .ARM.attributes
                0x08002681       0x2d cmake/stm32cubemx/CMakeFiles/STM32_Drivers.dir/__/__/Drivers/STM32F10x_StdPeriph_Driver/src/stm32f10x_tim.c.obj
 .ARM.attributes
                0x080026ae       0x2d cmake/stm32cubemx/CMakeFiles/STM32_Drivers.dir/__/__/Drivers/STM32F10x_StdPeriph_Driver/src/stm32f10x_usart.c.obj
 .ARM.attributes
                0x080026db       0x2d cmake/stm32cubemx/CMakeFiles/STM32_Drivers.dir/__/__/Drivers/STM32F10x_StdPeriph_Driver/src/stm32f10x_wwdg.c.obj
 .ARM.attributes
                0x08002708       0x2d CMakeFiles/proj005cmakeC6T6.dir/Core/src/001.c.obj
 .ARM.attributes
                0x08002735       0x2d CMakeFiles/proj005cmakeC6T6.dir/Core/src/main.c.obj
 .ARM.attributes
                0x08002762       0x2d CMakeFiles/proj005cmakeC6T6.dir/Core/src/modbus.c.obj
 .ARM.attributes
                0x0800278f       0x21 CMakeFiles/proj005cmakeC6T6.dir/Drivers/STM32F10x_StdPeriph_Driver/CMSIS/CM3/DeviceSupport/ST/STM32F10x/startup/TrueSTUDIO/startup_stm32f10x_md.s.obj
 .ARM.attributes
                0x080027b0       0x2d /usr/lib/gcc/arm-none-eabi/15/thumb/v7-m/nofp/crtend.o
 .ARM.attributes
                0x080027dd       0x1d /usr/lib/gcc/arm-none-eabi/15/thumb/v7-m/nofp/crtn.o

.preinit_array  0x080024fc        0x0
                0x080024fc                        PROVIDE (__preinit_array_start = .)
 *(.preinit_array*)
                0x080024fc                        PROVIDE (__preinit_array_end = .)

.init_array     0x080024fc        0x4
                0x080024fc                        PROVIDE (__init_array_start = .)
 *(SORT_BY_NAME(.init_array.*))
 *(.init_array*)
 .init_array    0x080024fc        0x4 /usr/lib/gcc/arm-none-eabi/15/thumb/v7-m/nofp/crtbegin.o
                0x08002500                        PROVIDE (__init_array_end = .)

.fini_array     0x08002500        0x4
                0x08002500                        PROVIDE (__fini_array_start = .)
 *(.fini_array*)
 .fini_array    0x08002500        0x4 /usr/lib/gcc/arm-none-eabi/15/thumb/v7-m/nofp/crtbegin.o
 *(SORT_BY_NAME(.fini_array.*))
                0x08002504                        PROVIDE (__fini_array_end = .)
                0x08002504                        _sidata = .

.rel.dyn        0x08002504        0x0
 .rel.iplt      0x08002504        0x0 /usr/lib/gcc/arm-none-eabi/15/thumb/v7-m/nofp/crtbegin.o

.data           0x20000000        0x0 load address 0x08002504
                0x20000000                        . = ALIGN (0x4)
                0x20000000                        _sdata = .
 *(.data)
 *(.data*)
                0x20000000                        . = ALIGN (0x4)
                0x20000000                        _edata = .

.tm_clone_table
                0x20000000        0x0
 .tm_clone_table
                0x20000000        0x0 /usr/lib/gcc/arm-none-eabi/15/thumb/v7-m/nofp/crtbegin.o
 .tm_clone_table
                0x20000000        0x0 /usr/lib/gcc/arm-none-eabi/15/thumb/v7-m/nofp/crtend.o

.igot.plt       0x20000000        0x0
 .igot.plt      0x20000000        0x0 /usr/lib/gcc/arm-none-eabi/15/thumb/v7-m/nofp/crtbegin.o
                0x20000000                        . = ALIGN (0x4)

.bss            0x20000000      0x36c
                0x20000000                        _sbss = .
                0x20000000                        __bss_start__ = _sbss
 *(.bss)
 .bss           0x20000000       0x1c /usr/lib/gcc/arm-none-eabi/15/thumb/v7-m/nofp/crtbegin.o
 *(.bss*)
 .bss.millisec2
                0x2000001c        0x2 CMakeFiles/proj005cmakeC6T6.dir/Core/src/001.c.obj
 *fill*         0x2000001e        0x2 
 .bss.globalsecs
                0x20000020        0x4 CMakeFiles/proj005cmakeC6T6.dir/Core/src/001.c.obj
 .bss.uart1     0x20000024       0x8c CMakeFiles/proj005cmakeC6T6.dir/Core/src/001.c.obj
 .bss.SET_PAR   0x200000b0        0x4 CMakeFiles/proj005cmakeC6T6.dir/Core/src/main.c.obj
 .bss.uart1     0x200000b4       0x8c CMakeFiles/proj005cmakeC6T6.dir/Core/src/main.c.obj
 .bss.Coils_RW  0x20000140       0x24 CMakeFiles/proj005cmakeC6T6.dir/Core/src/main.c.obj
 .bss.hold_reg  0x20000164       0x90 CMakeFiles/proj005cmakeC6T6.dir/Core/src/main.c.obj
 .bss.dev001    0x200001f4        0xc CMakeFiles/proj005cmakeC6T6.dir/Core/src/main.c.obj
                0x200001f4                dev001
 .bss.SET_PAR   0x20000200        0x4 CMakeFiles/proj005cmakeC6T6.dir/Core/src/modbus.c.obj
 .bss.Coils_RW  0x20000204       0x24 CMakeFiles/proj005cmakeC6T6.dir/Core/src/modbus.c.obj
 .bss.Discrete_Inputs_RO
                0x20000228       0x24 CMakeFiles/proj005cmakeC6T6.dir/Core/src/modbus.c.obj
 .bss.hold_reg  0x2000024c       0x90 CMakeFiles/proj005cmakeC6T6.dir/Core/src/modbus.c.obj
 .bss.input_reg
                0x200002dc       0x90 CMakeFiles/proj005cmakeC6T6.dir/Core/src/modbus.c.obj
 *(COMMON)
                0x2000036c                        . = ALIGN (0x4)
                0x2000036c                        _ebss = .
                0x2000036c                        __bss_end__ = _ebss
                [!provide]                        PROVIDE (end = _ebss)
                [!provide]                        PROVIDE (_end = _ebss)

._user_heap_stack
                0x2000036c      0x100
                0x2000036c                        . = ALIGN (0x4)
                0x2000036c                        . = (. + _Min_Heap_Size)
                0x2000046c                        . = (. + _Min_Stack_Size)
 *fill*         0x2000036c      0x100 
                0x2000046c                        . = ALIGN (0x4)

.memory_b1_text
 *(.mb1text)
 *(.mb1text*)
 *(.mb1rodata)
 *(.mb1rodata*)

/DISCARD/
 libc.a(*)
 libm.a(*)
 libgcc.a(*)
OUTPUT(proj005cmakeC6T6.elf elf32-littlearm)
LOAD linker stubs
LOAD /usr/lib/gcc/arm-none-eabi/15/../../../../arm-none-eabi/lib/thumb/v7-m/nofp/libc.a
LOAD /usr/lib/gcc/arm-none-eabi/15/../../../../arm-none-eabi/lib/thumb/v7-m/nofp/libm.a
LOAD /usr/lib/gcc/arm-none-eabi/15/thumb/v7-m/nofp/libgcc.a

.comment        0x00000000       0x1f
 .comment       0x00000000       0x1f /usr/lib/gcc/arm-none-eabi/15/thumb/v7-m/nofp/crtbegin.o
                                 0x20 (size before relaxing)
 .comment       0x0000001f       0x20 /usr/lib/gcc/arm-none-eabi/15/../../../../arm-none-eabi/lib/thumb/v7-m/nofp/libc_nano.a(libc_a-init.o)
 .comment       0x0000001f       0x20 cmake/stm32cubemx/CMakeFiles/STM32_Drivers.dir/__/__/Drivers/STM32F10x_StdPeriph_Driver/CMSIS/CM3/DeviceSupport/ST/STM32F10x/system_stm32f10x.c.obj
 .comment       0x0000001f       0x20 cmake/stm32cubemx/CMakeFiles/STM32_Drivers.dir/__/__/Drivers/STM32F10x_StdPeriph_Driver/src/misc.c.obj
 .comment       0x0000001f       0x20 cmake/stm32cubemx/CMakeFiles/STM32_Drivers.dir/__/__/Drivers/STM32F10x_StdPeriph_Driver/src/stm32f10x_bkp.c.obj
 .comment       0x0000001f       0x20 cmake/stm32cubemx/CMakeFiles/STM32_Drivers.dir/__/__/Drivers/STM32F10x_StdPeriph_Driver/src/stm32f10x_gpio.c.obj
 .comment       0x0000001f       0x20 cmake/stm32cubemx/CMakeFiles/STM32_Drivers.dir/__/__/Drivers/STM32F10x_StdPeriph_Driver/src/stm32f10x_pwr.c.obj
 .comment       0x0000001f       0x20 cmake/stm32cubemx/CMakeFiles/STM32_Drivers.dir/__/__/Drivers/STM32F10x_StdPeriph_Driver/src/stm32f10x_rcc.c.obj
 .comment       0x0000001f       0x20 cmake/stm32cubemx/CMakeFiles/STM32_Drivers.dir/__/__/Drivers/STM32F10x_StdPeriph_Driver/src/stm32f10x_tim.c.obj
 .comment       0x0000001f       0x20 cmake/stm32cubemx/CMakeFiles/STM32_Drivers.dir/__/__/Drivers/STM32F10x_StdPeriph_Driver/src/stm32f10x_usart.c.obj
 .comment       0x0000001f       0x20 cmake/stm32cubemx/CMakeFiles/STM32_Drivers.dir/__/__/Drivers/STM32F10x_StdPeriph_Driver/src/stm32f10x_wwdg.c.obj
 .comment       0x0000001f       0x20 CMakeFiles/proj005cmakeC6T6.dir/Core/src/001.c.obj
 .comment       0x0000001f       0x20 CMakeFiles/proj005cmakeC6T6.dir/Core/src/main.c.obj
 .comment       0x0000001f       0x20 CMakeFiles/proj005cmakeC6T6.dir/Core/src/modbus.c.obj
 .comment       0x0000001f       0x20 /usr/lib/gcc/arm-none-eabi/15/thumb/v7-m/nofp/crtend.o

.debug_info     0x00000000     0x7c10
 .debug_info    0x00000000      0x422 cmake/stm32cubemx/CMakeFiles/STM32_Drivers.dir/__/__/Drivers/STM32F10x_StdPeriph_Driver/CMSIS/CM3/DeviceSupport/ST/STM32F10x/system_stm32f10x.c.obj
 .debug_info    0x00000422      0x4d8 cmake/stm32cubemx/CMakeFiles/STM32_Drivers.dir/__/__/Drivers/STM32F10x_StdPeriph_Driver/src/misc.c.obj
 .debug_info    0x000008fa      0x781 cmake/stm32cubemx/CMakeFiles/STM32_Drivers.dir/__/__/Drivers/STM32F10x_StdPeriph_Driver/src/stm32f10x_bkp.c.obj
 .debug_info    0x0000107b      0x6da cmake/stm32cubemx/CMakeFiles/STM32_Drivers.dir/__/__/Drivers/STM32F10x_StdPeriph_Driver/src/stm32f10x_gpio.c.obj
 .debug_info    0x00001755      0x41d cmake/stm32cubemx/CMakeFiles/STM32_Drivers.dir/__/__/Drivers/STM32F10x_StdPeriph_Driver/src/stm32f10x_pwr.c.obj
 .debug_info    0x00001b72      0x858 cmake/stm32cubemx/CMakeFiles/STM32_Drivers.dir/__/__/Drivers/STM32F10x_StdPeriph_Driver/src/stm32f10x_rcc.c.obj
 .debug_info    0x000023ca     0x1c0a cmake/stm32cubemx/CMakeFiles/STM32_Drivers.dir/__/__/Drivers/STM32F10x_StdPeriph_Driver/src/stm32f10x_tim.c.obj
 .debug_info    0x00003fd4      0x9f1 cmake/stm32cubemx/CMakeFiles/STM32_Drivers.dir/__/__/Drivers/STM32F10x_StdPeriph_Driver/src/stm32f10x_usart.c.obj
 .debug_info    0x000049c5      0x22f cmake/stm32cubemx/CMakeFiles/STM32_Drivers.dir/__/__/Drivers/STM32F10x_StdPeriph_Driver/src/stm32f10x_wwdg.c.obj
 .debug_info    0x00004bf4     0x1ba6 CMakeFiles/proj005cmakeC6T6.dir/Core/src/001.c.obj
 .debug_info    0x0000679a      0x7bd CMakeFiles/proj005cmakeC6T6.dir/Core/src/main.c.obj
 .debug_info    0x00006f57      0xc89 CMakeFiles/proj005cmakeC6T6.dir/Core/src/modbus.c.obj
 .debug_info    0x00007be0       0x30 CMakeFiles/proj005cmakeC6T6.dir/Drivers/STM32F10x_StdPeriph_Driver/CMSIS/CM3/DeviceSupport/ST/STM32F10x/startup/TrueSTUDIO/startup_stm32f10x_md.s.obj

.debug_abbrev   0x00000000     0x18b6
 .debug_abbrev  0x00000000      0x1b9 cmake/stm32cubemx/CMakeFiles/STM32_Drivers.dir/__/__/Drivers/STM32F10x_StdPeriph_Driver/CMSIS/CM3/DeviceSupport/ST/STM32F10x/system_stm32f10x.c.obj
 .debug_abbrev  0x000001b9      0x18e cmake/stm32cubemx/CMakeFiles/STM32_Drivers.dir/__/__/Drivers/STM32F10x_StdPeriph_Driver/src/misc.c.obj
 .debug_abbrev  0x00000347      0x19f cmake/stm32cubemx/CMakeFiles/STM32_Drivers.dir/__/__/Drivers/STM32F10x_StdPeriph_Driver/src/stm32f10x_bkp.c.obj
 .debug_abbrev  0x000004e6      0x217 cmake/stm32cubemx/CMakeFiles/STM32_Drivers.dir/__/__/Drivers/STM32F10x_StdPeriph_Driver/src/stm32f10x_gpio.c.obj
 .debug_abbrev  0x000006fd      0x1f1 cmake/stm32cubemx/CMakeFiles/STM32_Drivers.dir/__/__/Drivers/STM32F10x_StdPeriph_Driver/src/stm32f10x_pwr.c.obj
 .debug_abbrev  0x000008ee      0x1e3 cmake/stm32cubemx/CMakeFiles/STM32_Drivers.dir/__/__/Drivers/STM32F10x_StdPeriph_Driver/src/stm32f10x_rcc.c.obj
 .debug_abbrev  0x00000ad1      0x1fa cmake/stm32cubemx/CMakeFiles/STM32_Drivers.dir/__/__/Drivers/STM32F10x_StdPeriph_Driver/src/stm32f10x_tim.c.obj
 .debug_abbrev  0x00000ccb      0x1bf cmake/stm32cubemx/CMakeFiles/STM32_Drivers.dir/__/__/Drivers/STM32F10x_StdPeriph_Driver/src/stm32f10x_usart.c.obj
 .debug_abbrev  0x00000e8a      0x149 cmake/stm32cubemx/CMakeFiles/STM32_Drivers.dir/__/__/Drivers/STM32F10x_StdPeriph_Driver/src/stm32f10x_wwdg.c.obj
 .debug_abbrev  0x00000fd3      0x3f3 CMakeFiles/proj005cmakeC6T6.dir/Core/src/001.c.obj
 .debug_abbrev  0x000013c6      0x23d CMakeFiles/proj005cmakeC6T6.dir/Core/src/main.c.obj
 .debug_abbrev  0x00001603      0x28f CMakeFiles/proj005cmakeC6T6.dir/Core/src/modbus.c.obj
 .debug_abbrev  0x00001892       0x24 CMakeFiles/proj005cmakeC6T6.dir/Drivers/STM32F10x_StdPeriph_Driver/CMSIS/CM3/DeviceSupport/ST/STM32F10x/startup/TrueSTUDIO/startup_stm32f10x_md.s.obj

.debug_aranges  0x00000000      0x980
 .debug_aranges
                0x00000000       0x38 cmake/stm32cubemx/CMakeFiles/STM32_Drivers.dir/__/__/Drivers/STM32F10x_StdPeriph_Driver/CMSIS/CM3/DeviceSupport/ST/STM32F10x/system_stm32f10x.c.obj
 .debug_aranges
                0x00000038       0x40 cmake/stm32cubemx/CMakeFiles/STM32_Drivers.dir/__/__/Drivers/STM32F10x_StdPeriph_Driver/src/misc.c.obj
 .debug_aranges
                0x00000078       0x78 cmake/stm32cubemx/CMakeFiles/STM32_Drivers.dir/__/__/Drivers/STM32F10x_StdPeriph_Driver/src/stm32f10x_bkp.c.obj
 .debug_aranges
                0x000000f0       0xa8 cmake/stm32cubemx/CMakeFiles/STM32_Drivers.dir/__/__/Drivers/STM32F10x_StdPeriph_Driver/src/stm32f10x_gpio.c.obj
 .debug_aranges
                0x00000198       0x70 cmake/stm32cubemx/CMakeFiles/STM32_Drivers.dir/__/__/Drivers/STM32F10x_StdPeriph_Driver/src/stm32f10x_pwr.c.obj
 .debug_aranges
                0x00000208      0x118 cmake/stm32cubemx/CMakeFiles/STM32_Drivers.dir/__/__/Drivers/STM32F10x_StdPeriph_Driver/src/stm32f10x_rcc.c.obj
 .debug_aranges
                0x00000320      0x2f0 cmake/stm32cubemx/CMakeFiles/STM32_Drivers.dir/__/__/Drivers/STM32F10x_StdPeriph_Driver/src/stm32f10x_tim.c.obj
 .debug_aranges
                0x00000610      0x100 cmake/stm32cubemx/CMakeFiles/STM32_Drivers.dir/__/__/Drivers/STM32F10x_StdPeriph_Driver/src/stm32f10x_usart.c.obj
 .debug_aranges
                0x00000710       0x58 cmake/stm32cubemx/CMakeFiles/STM32_Drivers.dir/__/__/Drivers/STM32F10x_StdPeriph_Driver/src/stm32f10x_wwdg.c.obj
 .debug_aranges
                0x00000768      0x128 CMakeFiles/proj005cmakeC6T6.dir/Core/src/001.c.obj
 .debug_aranges
                0x00000890       0x30 CMakeFiles/proj005cmakeC6T6.dir/Core/src/main.c.obj
 .debug_aranges
                0x000008c0       0x98 CMakeFiles/proj005cmakeC6T6.dir/Core/src/modbus.c.obj
 .debug_aranges
                0x00000958       0x28 CMakeFiles/proj005cmakeC6T6.dir/Drivers/STM32F10x_StdPeriph_Driver/CMSIS/CM3/DeviceSupport/ST/STM32F10x/startup/TrueSTUDIO/startup_stm32f10x_md.s.obj

.debug_rnglists
                0x00000000      0x70e
 .debug_rnglists
                0x00000000       0x27 cmake/stm32cubemx/CMakeFiles/STM32_Drivers.dir/__/__/Drivers/STM32F10x_StdPeriph_Driver/CMSIS/CM3/DeviceSupport/ST/STM32F10x/system_stm32f10x.c.obj
 .debug_rnglists
                0x00000027       0x2c cmake/stm32cubemx/CMakeFiles/STM32_Drivers.dir/__/__/Drivers/STM32F10x_StdPeriph_Driver/src/misc.c.obj
 .debug_rnglists
                0x00000053       0x55 cmake/stm32cubemx/CMakeFiles/STM32_Drivers.dir/__/__/Drivers/STM32F10x_StdPeriph_Driver/src/stm32f10x_bkp.c.obj
 .debug_rnglists
                0x000000a8       0x7d cmake/stm32cubemx/CMakeFiles/STM32_Drivers.dir/__/__/Drivers/STM32F10x_StdPeriph_Driver/src/stm32f10x_gpio.c.obj
 .debug_rnglists
                0x00000125       0x4f cmake/stm32cubemx/CMakeFiles/STM32_Drivers.dir/__/__/Drivers/STM32F10x_StdPeriph_Driver/src/stm32f10x_pwr.c.obj
 .debug_rnglists
                0x00000174       0xce cmake/stm32cubemx/CMakeFiles/STM32_Drivers.dir/__/__/Drivers/STM32F10x_StdPeriph_Driver/src/stm32f10x_rcc.c.obj
 .debug_rnglists
                0x00000242      0x23d cmake/stm32cubemx/CMakeFiles/STM32_Drivers.dir/__/__/Drivers/STM32F10x_StdPeriph_Driver/src/stm32f10x_tim.c.obj
 .debug_rnglists
                0x0000047f       0xbf cmake/stm32cubemx/CMakeFiles/STM32_Drivers.dir/__/__/Drivers/STM32F10x_StdPeriph_Driver/src/stm32f10x_usart.c.obj
 .debug_rnglists
                0x0000053e       0x3d cmake/stm32cubemx/CMakeFiles/STM32_Drivers.dir/__/__/Drivers/STM32F10x_StdPeriph_Driver/src/stm32f10x_wwdg.c.obj
 .debug_rnglists
                0x0000057b       0xe4 CMakeFiles/proj005cmakeC6T6.dir/Core/src/001.c.obj
 .debug_rnglists
                0x0000065f       0x20 CMakeFiles/proj005cmakeC6T6.dir/Core/src/main.c.obj
 .debug_rnglists
                0x0000067f       0x76 CMakeFiles/proj005cmakeC6T6.dir/Core/src/modbus.c.obj
 .debug_rnglists
                0x000006f5       0x19 CMakeFiles/proj005cmakeC6T6.dir/Drivers/STM32F10x_StdPeriph_Driver/CMSIS/CM3/DeviceSupport/ST/STM32F10x/startup/TrueSTUDIO/startup_stm32f10x_md.s.obj

.debug_macro    0x00000000     0xf3fc
 .debug_macro   0x00000000      0x188 cmake/stm32cubemx/CMakeFiles/STM32_Drivers.dir/__/__/Drivers/STM32F10x_StdPeriph_Driver/CMSIS/CM3/DeviceSupport/ST/STM32F10x/system_stm32f10x.c.obj
 .debug_macro   0x00000188      0x832 cmake/stm32cubemx/CMakeFiles/STM32_Drivers.dir/__/__/Drivers/STM32F10x_StdPeriph_Driver/CMSIS/CM3/DeviceSupport/ST/STM32F10x/system_stm32f10x.c.obj
 .debug_macro   0x000009ba       0x62 cmake/stm32cubemx/CMakeFiles/STM32_Drivers.dir/__/__/Drivers/STM32F10x_StdPeriph_Driver/CMSIS/CM3/DeviceSupport/ST/STM32F10x/system_stm32f10x.c.obj
 .debug_macro   0x00000a1c       0x22 cmake/stm32cubemx/CMakeFiles/STM32_Drivers.dir/__/__/Drivers/STM32F10x_StdPeriph_Driver/CMSIS/CM3/DeviceSupport/ST/STM32F10x/system_stm32f10x.c.obj
 .debug_macro   0x00000a3e       0x22 cmake/stm32cubemx/CMakeFiles/STM32_Drivers.dir/__/__/Drivers/STM32F10x_StdPeriph_Driver/CMSIS/CM3/DeviceSupport/ST/STM32F10x/system_stm32f10x.c.obj
 .debug_macro   0x00000a60       0x8e cmake/stm32cubemx/CMakeFiles/STM32_Drivers.dir/__/__/Drivers/STM32F10x_StdPeriph_Driver/CMSIS/CM3/DeviceSupport/ST/STM32F10x/system_stm32f10x.c.obj
 .debug_macro   0x00000aee       0x51 cmake/stm32cubemx/CMakeFiles/STM32_Drivers.dir/__/__/Drivers/STM32F10x_StdPeriph_Driver/CMSIS/CM3/DeviceSupport/ST/STM32F10x/system_stm32f10x.c.obj
 .debug_macro   0x00000b3f      0x103 cmake/stm32cubemx/CMakeFiles/STM32_Drivers.dir/__/__/Drivers/STM32F10x_StdPeriph_Driver/CMSIS/CM3/DeviceSupport/ST/STM32F10x/system_stm32f10x.c.obj
 .debug_macro   0x00000c42       0x6a cmake/stm32cubemx/CMakeFiles/STM32_Drivers.dir/__/__/Drivers/STM32F10x_StdPeriph_Driver/CMSIS/CM3/DeviceSupport/ST/STM32F10x/system_stm32f10x.c.obj
 .debug_macro   0x00000cac      0x1df cmake/stm32cubemx/CMakeFiles/STM32_Drivers.dir/__/__/Drivers/STM32F10x_StdPeriph_Driver/CMSIS/CM3/DeviceSupport/ST/STM32F10x/system_stm32f10x.c.obj
 .debug_macro   0x00000e8b      0x69f cmake/stm32cubemx/CMakeFiles/STM32_Drivers.dir/__/__/Drivers/STM32F10x_StdPeriph_Driver/CMSIS/CM3/DeviceSupport/ST/STM32F10x/system_stm32f10x.c.obj
 .debug_macro   0x0000152a     0x7dbe cmake/stm32cubemx/CMakeFiles/STM32_Drivers.dir/__/__/Drivers/STM32F10x_StdPeriph_Driver/CMSIS/CM3/DeviceSupport/ST/STM32F10x/system_stm32f10x.c.obj
 .debug_macro   0x000092e8      0x2df cmake/stm32cubemx/CMakeFiles/STM32_Drivers.dir/__/__/Drivers/STM32F10x_StdPeriph_Driver/CMSIS/CM3/DeviceSupport/ST/STM32F10x/system_stm32f10x.c.obj
 .debug_macro   0x000095c7      0x144 cmake/stm32cubemx/CMakeFiles/STM32_Drivers.dir/__/__/Drivers/STM32F10x_StdPeriph_Driver/CMSIS/CM3/DeviceSupport/ST/STM32F10x/system_stm32f10x.c.obj
 .debug_macro   0x0000970b      0x3cf cmake/stm32cubemx/CMakeFiles/STM32_Drivers.dir/__/__/Drivers/STM32F10x_StdPeriph_Driver/CMSIS/CM3/DeviceSupport/ST/STM32F10x/system_stm32f10x.c.obj
 .debug_macro   0x00009ada       0xc8 cmake/stm32cubemx/CMakeFiles/STM32_Drivers.dir/__/__/Drivers/STM32F10x_StdPeriph_Driver/CMSIS/CM3/DeviceSupport/ST/STM32F10x/system_stm32f10x.c.obj
 .debug_macro   0x00009ba2      0x17a cmake/stm32cubemx/CMakeFiles/STM32_Drivers.dir/__/__/Drivers/STM32F10x_StdPeriph_Driver/CMSIS/CM3/DeviceSupport/ST/STM32F10x/system_stm32f10x.c.obj
 .debug_macro   0x00009d1c       0xac cmake/stm32cubemx/CMakeFiles/STM32_Drivers.dir/__/__/Drivers/STM32F10x_StdPeriph_Driver/CMSIS/CM3/DeviceSupport/ST/STM32F10x/system_stm32f10x.c.obj
 .debug_macro   0x00009dc8      0x3ad cmake/stm32cubemx/CMakeFiles/STM32_Drivers.dir/__/__/Drivers/STM32F10x_StdPeriph_Driver/CMSIS/CM3/DeviceSupport/ST/STM32F10x/system_stm32f10x.c.obj
 .debug_macro   0x0000a175       0x9a cmake/stm32cubemx/CMakeFiles/STM32_Drivers.dir/__/__/Drivers/STM32F10x_StdPeriph_Driver/CMSIS/CM3/DeviceSupport/ST/STM32F10x/system_stm32f10x.c.obj
 .debug_macro   0x0000a20f      0x2cf cmake/stm32cubemx/CMakeFiles/STM32_Drivers.dir/__/__/Drivers/STM32F10x_StdPeriph_Driver/CMSIS/CM3/DeviceSupport/ST/STM32F10x/system_stm32f10x.c.obj
 .debug_macro   0x0000a4de      0x279 cmake/stm32cubemx/CMakeFiles/STM32_Drivers.dir/__/__/Drivers/STM32F10x_StdPeriph_Driver/CMSIS/CM3/DeviceSupport/ST/STM32F10x/system_stm32f10x.c.obj
 .debug_macro   0x0000a757      0x2ac cmake/stm32cubemx/CMakeFiles/STM32_Drivers.dir/__/__/Drivers/STM32F10x_StdPeriph_Driver/CMSIS/CM3/DeviceSupport/ST/STM32F10x/system_stm32f10x.c.obj
 .debug_macro   0x0000aa03      0x2b1 cmake/stm32cubemx/CMakeFiles/STM32_Drivers.dir/__/__/Drivers/STM32F10x_StdPeriph_Driver/CMSIS/CM3/DeviceSupport/ST/STM32F10x/system_stm32f10x.c.obj
 .debug_macro   0x0000acb4       0x64 cmake/stm32cubemx/CMakeFiles/STM32_Drivers.dir/__/__/Drivers/STM32F10x_StdPeriph_Driver/CMSIS/CM3/DeviceSupport/ST/STM32F10x/system_stm32f10x.c.obj
 .debug_macro   0x0000ad18       0x82 cmake/stm32cubemx/CMakeFiles/STM32_Drivers.dir/__/__/Drivers/STM32F10x_StdPeriph_Driver/CMSIS/CM3/DeviceSupport/ST/STM32F10x/system_stm32f10x.c.obj
 .debug_macro   0x0000ad9a      0x3e2 cmake/stm32cubemx/CMakeFiles/STM32_Drivers.dir/__/__/Drivers/STM32F10x_StdPeriph_Driver/CMSIS/CM3/DeviceSupport/ST/STM32F10x/system_stm32f10x.c.obj
 .debug_macro   0x0000b17c       0x58 cmake/stm32cubemx/CMakeFiles/STM32_Drivers.dir/__/__/Drivers/STM32F10x_StdPeriph_Driver/CMSIS/CM3/DeviceSupport/ST/STM32F10x/system_stm32f10x.c.obj
 .debug_macro   0x0000b1d4      0x341 cmake/stm32cubemx/CMakeFiles/STM32_Drivers.dir/__/__/Drivers/STM32F10x_StdPeriph_Driver/CMSIS/CM3/DeviceSupport/ST/STM32F10x/system_stm32f10x.c.obj
 .debug_macro   0x0000b515      0x2c4 cmake/stm32cubemx/CMakeFiles/STM32_Drivers.dir/__/__/Drivers/STM32F10x_StdPeriph_Driver/CMSIS/CM3/DeviceSupport/ST/STM32F10x/system_stm32f10x.c.obj
 .debug_macro   0x0000b7d9      0x711 cmake/stm32cubemx/CMakeFiles/STM32_Drivers.dir/__/__/Drivers/STM32F10x_StdPeriph_Driver/CMSIS/CM3/DeviceSupport/ST/STM32F10x/system_stm32f10x.c.obj
 .debug_macro   0x0000beea      0x220 cmake/stm32cubemx/CMakeFiles/STM32_Drivers.dir/__/__/Drivers/STM32F10x_StdPeriph_Driver/CMSIS/CM3/DeviceSupport/ST/STM32F10x/system_stm32f10x.c.obj
 .debug_macro   0x0000c10a       0x34 cmake/stm32cubemx/CMakeFiles/STM32_Drivers.dir/__/__/Drivers/STM32F10x_StdPeriph_Driver/CMSIS/CM3/DeviceSupport/ST/STM32F10x/system_stm32f10x.c.obj
 .debug_macro   0x0000c13e       0x8b cmake/stm32cubemx/CMakeFiles/STM32_Drivers.dir/__/__/Drivers/STM32F10x_StdPeriph_Driver/CMSIS/CM3/DeviceSupport/ST/STM32F10x/system_stm32f10x.c.obj
 .debug_macro   0x0000c1c9       0x35 cmake/stm32cubemx/CMakeFiles/STM32_Drivers.dir/__/__/Drivers/STM32F10x_StdPeriph_Driver/CMSIS/CM3/DeviceSupport/ST/STM32F10x/system_stm32f10x.c.obj
 .debug_macro   0x0000c1fe      0x18b cmake/stm32cubemx/CMakeFiles/STM32_Drivers.dir/__/__/Drivers/STM32F10x_StdPeriph_Driver/src/misc.c.obj
 .debug_macro   0x0000c389       0x85 cmake/stm32cubemx/CMakeFiles/STM32_Drivers.dir/__/__/Drivers/STM32F10x_StdPeriph_Driver/src/misc.c.obj
 .debug_macro   0x0000c40e      0x1df cmake/stm32cubemx/CMakeFiles/STM32_Drivers.dir/__/__/Drivers/STM32F10x_StdPeriph_Driver/src/stm32f10x_bkp.c.obj
 .debug_macro   0x0000c5ed      0x1d3 cmake/stm32cubemx/CMakeFiles/STM32_Drivers.dir/__/__/Drivers/STM32F10x_StdPeriph_Driver/src/stm32f10x_gpio.c.obj
 .debug_macro   0x0000c7c0      0x2a6 cmake/stm32cubemx/CMakeFiles/STM32_Drivers.dir/__/__/Drivers/STM32F10x_StdPeriph_Driver/src/stm32f10x_gpio.c.obj
 .debug_macro   0x0000ca66      0x1c7 cmake/stm32cubemx/CMakeFiles/STM32_Drivers.dir/__/__/Drivers/STM32F10x_StdPeriph_Driver/src/stm32f10x_pwr.c.obj
 .debug_macro   0x0000cc2d       0x7c cmake/stm32cubemx/CMakeFiles/STM32_Drivers.dir/__/__/Drivers/STM32F10x_StdPeriph_Driver/src/stm32f10x_pwr.c.obj
 .debug_macro   0x0000cca9      0x2a1 cmake/stm32cubemx/CMakeFiles/STM32_Drivers.dir/__/__/Drivers/STM32F10x_StdPeriph_Driver/src/stm32f10x_rcc.c.obj
 .debug_macro   0x0000cf4a      0x3dc cmake/stm32cubemx/CMakeFiles/STM32_Drivers.dir/__/__/Drivers/STM32F10x_StdPeriph_Driver/src/stm32f10x_rcc.c.obj
 .debug_macro   0x0000d326      0x19d cmake/stm32cubemx/CMakeFiles/STM32_Drivers.dir/__/__/Drivers/STM32F10x_StdPeriph_Driver/src/stm32f10x_tim.c.obj
 .debug_macro   0x0000d4c3      0x70b cmake/stm32cubemx/CMakeFiles/STM32_Drivers.dir/__/__/Drivers/STM32F10x_StdPeriph_Driver/src/stm32f10x_tim.c.obj
 .debug_macro   0x0000dbce      0x239 cmake/stm32cubemx/CMakeFiles/STM32_Drivers.dir/__/__/Drivers/STM32F10x_StdPeriph_Driver/src/stm32f10x_usart.c.obj
 .debug_macro   0x0000de07      0x21a cmake/stm32cubemx/CMakeFiles/STM32_Drivers.dir/__/__/Drivers/STM32F10x_StdPeriph_Driver/src/stm32f10x_usart.c.obj
 .debug_macro   0x0000e021      0x1b5 cmake/stm32cubemx/CMakeFiles/STM32_Drivers.dir/__/__/Drivers/STM32F10x_StdPeriph_Driver/src/stm32f10x_wwdg.c.obj
 .debug_macro   0x0000e1d6       0x2e cmake/stm32cubemx/CMakeFiles/STM32_Drivers.dir/__/__/Drivers/STM32F10x_StdPeriph_Driver/src/stm32f10x_wwdg.c.obj
 .debug_macro   0x0000e204      0x28d CMakeFiles/proj005cmakeC6T6.dir/Core/src/001.c.obj
 .debug_macro   0x0000e491       0x46 CMakeFiles/proj005cmakeC6T6.dir/Core/src/001.c.obj
 .debug_macro   0x0000e4d7       0x3a CMakeFiles/proj005cmakeC6T6.dir/Core/src/001.c.obj
 .debug_macro   0x0000e511       0x5f CMakeFiles/proj005cmakeC6T6.dir/Core/src/001.c.obj
 .debug_macro   0x0000e570       0x24 CMakeFiles/proj005cmakeC6T6.dir/Core/src/001.c.obj
 .debug_macro   0x0000e594       0x3c CMakeFiles/proj005cmakeC6T6.dir/Core/src/001.c.obj
 .debug_macro   0x0000e5d0       0x34 CMakeFiles/proj005cmakeC6T6.dir/Core/src/001.c.obj
 .debug_macro   0x0000e604      0x190 CMakeFiles/proj005cmakeC6T6.dir/Core/src/001.c.obj
 .debug_macro   0x0000e794      0x364 CMakeFiles/proj005cmakeC6T6.dir/Core/src/001.c.obj
 .debug_macro   0x0000eaf8       0x16 CMakeFiles/proj005cmakeC6T6.dir/Core/src/001.c.obj
 .debug_macro   0x0000eb0e       0x4a CMakeFiles/proj005cmakeC6T6.dir/Core/src/001.c.obj
 .debug_macro   0x0000eb58       0x34 CMakeFiles/proj005cmakeC6T6.dir/Core/src/001.c.obj
 .debug_macro   0x0000eb8c       0x10 CMakeFiles/proj005cmakeC6T6.dir/Core/src/001.c.obj
 .debug_macro   0x0000eb9c       0x52 CMakeFiles/proj005cmakeC6T6.dir/Core/src/001.c.obj
 .debug_macro   0x0000ebee      0x1e5 CMakeFiles/proj005cmakeC6T6.dir/Core/src/001.c.obj
 .debug_macro   0x0000edd3       0x10 CMakeFiles/proj005cmakeC6T6.dir/Core/src/001.c.obj
 .debug_macro   0x0000ede3       0x3c CMakeFiles/proj005cmakeC6T6.dir/Core/src/001.c.obj
 .debug_macro   0x0000ee1f       0x1c CMakeFiles/proj005cmakeC6T6.dir/Core/src/001.c.obj
 .debug_macro   0x0000ee3b       0x10 CMakeFiles/proj005cmakeC6T6.dir/Core/src/001.c.obj
 .debug_macro   0x0000ee4b       0x1c CMakeFiles/proj005cmakeC6T6.dir/Core/src/001.c.obj
 .debug_macro   0x0000ee67       0x16 CMakeFiles/proj005cmakeC6T6.dir/Core/src/001.c.obj
 .debug_macro   0x0000ee7d      0x170 CMakeFiles/proj005cmakeC6T6.dir/Core/src/001.c.obj
 .debug_macro   0x0000efed       0x1c CMakeFiles/proj005cmakeC6T6.dir/Core/src/001.c.obj
 .debug_macro   0x0000f009      0x259 CMakeFiles/proj005cmakeC6T6.dir/Core/src/main.c.obj
 .debug_macro   0x0000f262      0x19a CMakeFiles/proj005cmakeC6T6.dir/Core/src/modbus.c.obj

.debug_line     0x00000000     0x7ab2
 .debug_line    0x00000000      0x691 cmake/stm32cubemx/CMakeFiles/STM32_Drivers.dir/__/__/Drivers/STM32F10x_StdPeriph_Driver/CMSIS/CM3/DeviceSupport/ST/STM32F10x/system_stm32f10x.c.obj
 .debug_line    0x00000691      0x64b cmake/stm32cubemx/CMakeFiles/STM32_Drivers.dir/__/__/Drivers/STM32F10x_StdPeriph_Driver/src/misc.c.obj
 .debug_line    0x00000cdc      0x6a5 cmake/stm32cubemx/CMakeFiles/STM32_Drivers.dir/__/__/Drivers/STM32F10x_StdPeriph_Driver/src/stm32f10x_bkp.c.obj
 .debug_line    0x00001381      0x936 cmake/stm32cubemx/CMakeFiles/STM32_Drivers.dir/__/__/Drivers/STM32F10x_StdPeriph_Driver/src/stm32f10x_gpio.c.obj
 .debug_line    0x00001cb7      0x6b0 cmake/stm32cubemx/CMakeFiles/STM32_Drivers.dir/__/__/Drivers/STM32F10x_StdPeriph_Driver/src/stm32f10x_pwr.c.obj
 .debug_line    0x00002367      0xb02 cmake/stm32cubemx/CMakeFiles/STM32_Drivers.dir/__/__/Drivers/STM32F10x_StdPeriph_Driver/src/stm32f10x_rcc.c.obj
 .debug_line    0x00002e69     0x15ed cmake/stm32cubemx/CMakeFiles/STM32_Drivers.dir/__/__/Drivers/STM32F10x_StdPeriph_Driver/src/stm32f10x_tim.c.obj
 .debug_line    0x00004456      0xac3 cmake/stm32cubemx/CMakeFiles/STM32_Drivers.dir/__/__/Drivers/STM32F10x_StdPeriph_Driver/src/stm32f10x_usart.c.obj
 .debug_line    0x00004f19      0x635 cmake/stm32cubemx/CMakeFiles/STM32_Drivers.dir/__/__/Drivers/STM32F10x_StdPeriph_Driver/src/stm32f10x_wwdg.c.obj
 .debug_line    0x0000554e     0x1073 CMakeFiles/proj005cmakeC6T6.dir/Core/src/001.c.obj
 .debug_line    0x000065c1      0x71c CMakeFiles/proj005cmakeC6T6.dir/Core/src/main.c.obj
 .debug_line    0x00006cdd      0xd5f CMakeFiles/proj005cmakeC6T6.dir/Core/src/modbus.c.obj
 .debug_line    0x00007a3c       0x76 CMakeFiles/proj005cmakeC6T6.dir/Drivers/STM32F10x_StdPeriph_Driver/CMSIS/CM3/DeviceSupport/ST/STM32F10x/startup/TrueSTUDIO/startup_stm32f10x_md.s.obj

.debug_str      0x00000000    0x53dd7
 .debug_str     0x00000000    0x53dd7 cmake/stm32cubemx/CMakeFiles/STM32_Drivers.dir/__/__/Drivers/STM32F10x_StdPeriph_Driver/CMSIS/CM3/DeviceSupport/ST/STM32F10x/system_stm32f10x.c.obj
                              0x4cb5a (size before relaxing)
 .debug_str     0x00053dd7    0x4cc0c cmake/stm32cubemx/CMakeFiles/STM32_Drivers.dir/__/__/Drivers/STM32F10x_StdPeriph_Driver/src/misc.c.obj
 .debug_str     0x00053dd7    0x4d052 cmake/stm32cubemx/CMakeFiles/STM32_Drivers.dir/__/__/Drivers/STM32F10x_StdPeriph_Driver/src/stm32f10x_bkp.c.obj
 .debug_str     0x00053dd7    0x4cf9b cmake/stm32cubemx/CMakeFiles/STM32_Drivers.dir/__/__/Drivers/STM32F10x_StdPeriph_Driver/src/stm32f10x_gpio.c.obj
 .debug_str     0x00053dd7    0x4cd06 cmake/stm32cubemx/CMakeFiles/STM32_Drivers.dir/__/__/Drivers/STM32F10x_StdPeriph_Driver/src/stm32f10x_pwr.c.obj
 .debug_str     0x00053dd7    0x4d56a cmake/stm32cubemx/CMakeFiles/STM32_Drivers.dir/__/__/Drivers/STM32F10x_StdPeriph_Driver/src/stm32f10x_rcc.c.obj
 .debug_str     0x00053dd7    0x4d6b6 cmake/stm32cubemx/CMakeFiles/STM32_Drivers.dir/__/__/Drivers/STM32F10x_StdPeriph_Driver/src/stm32f10x_tim.c.obj
 .debug_str     0x00053dd7    0x4d2d4 cmake/stm32cubemx/CMakeFiles/STM32_Drivers.dir/__/__/Drivers/STM32F10x_StdPeriph_Driver/src/stm32f10x_usart.c.obj
 .debug_str     0x00053dd7    0x4cbd1 cmake/stm32cubemx/CMakeFiles/STM32_Drivers.dir/__/__/Drivers/STM32F10x_StdPeriph_Driver/src/stm32f10x_wwdg.c.obj
 .debug_str     0x00053dd7    0x50ed2 CMakeFiles/proj005cmakeC6T6.dir/Core/src/001.c.obj
 .debug_str     0x00053dd7    0x4fc02 CMakeFiles/proj005cmakeC6T6.dir/Core/src/main.c.obj
 .debug_str     0x00053dd7    0x4cf59 CMakeFiles/proj005cmakeC6T6.dir/Core/src/modbus.c.obj
 .debug_str     0x00053dd7      0x11c CMakeFiles/proj005cmakeC6T6.dir/Drivers/STM32F10x_StdPeriph_Driver/CMSIS/CM3/DeviceSupport/ST/STM32F10x/startup/TrueSTUDIO/startup_stm32f10x_md.s.obj

.debug_frame    0x00000000     0x280c
 .debug_frame   0x00000000       0x98 cmake/stm32cubemx/CMakeFiles/STM32_Drivers.dir/__/__/Drivers/STM32F10x_StdPeriph_Driver/CMSIS/CM3/DeviceSupport/ST/STM32F10x/system_stm32f10x.c.obj
 .debug_frame   0x00000098       0xd8 cmake/stm32cubemx/CMakeFiles/STM32_Drivers.dir/__/__/Drivers/STM32F10x_StdPeriph_Driver/src/misc.c.obj
 .debug_frame   0x00000170      0x1c4 cmake/stm32cubemx/CMakeFiles/STM32_Drivers.dir/__/__/Drivers/STM32F10x_StdPeriph_Driver/src/stm32f10x_bkp.c.obj
 .debug_frame   0x00000334      0x2d0 cmake/stm32cubemx/CMakeFiles/STM32_Drivers.dir/__/__/Drivers/STM32F10x_StdPeriph_Driver/src/stm32f10x_gpio.c.obj
 .debug_frame   0x00000604      0x19c cmake/stm32cubemx/CMakeFiles/STM32_Drivers.dir/__/__/Drivers/STM32F10x_StdPeriph_Driver/src/stm32f10x_pwr.c.obj
 .debug_frame   0x000007a0      0x4f4 cmake/stm32cubemx/CMakeFiles/STM32_Drivers.dir/__/__/Drivers/STM32F10x_StdPeriph_Driver/src/stm32f10x_rcc.c.obj
 .debug_frame   0x00000c94      0xe2c cmake/stm32cubemx/CMakeFiles/STM32_Drivers.dir/__/__/Drivers/STM32F10x_StdPeriph_Driver/src/stm32f10x_tim.c.obj
 .debug_frame   0x00001ac0      0x490 cmake/stm32cubemx/CMakeFiles/STM32_Drivers.dir/__/__/Drivers/STM32F10x_StdPeriph_Driver/src/stm32f10x_usart.c.obj
 .debug_frame   0x00001f50      0x12c cmake/stm32cubemx/CMakeFiles/STM32_Drivers.dir/__/__/Drivers/STM32F10x_StdPeriph_Driver/src/stm32f10x_wwdg.c.obj
 .debug_frame   0x0000207c      0x4c4 CMakeFiles/proj005cmakeC6T6.dir/Core/src/001.c.obj
 .debug_frame   0x00002540       0x74 CMakeFiles/proj005cmakeC6T6.dir/Core/src/main.c.obj
 .debug_frame   0x000025b4      0x258 CMakeFiles/proj005cmakeC6T6.dir/Core/src/modbus.c.obj

.debug_line_str
                0x00000000      0x100
 .debug_line_str
                0x00000000      0x100 CMakeFiles/proj005cmakeC6T6.dir/Drivers/STM32F10x_StdPeriph_Driver/CMSIS/CM3/DeviceSupport/ST/STM32F10x/startup/TrueSTUDIO/startup_stm32f10x_md.s.obj
